Component: Arm Compiler for Embedded 6.19 Tool: armlink [5e73cb00]

==============================================================================

Section Cross References

    main.o(.text.main) refers to config.o(.text.Config_System) for Config_System
    main.o(.text.main) refers to max7219.o(.text.Init_MAX7219) for Init_MAX7219
    main.o(.ARM.exidx.text.main) refers to main.o(.text.main) for [Anonymous Symbol]
    main.o(.text.PORTC_IRQHandler) refers to main.o(.data.State_Button1) for State_Button1
    main.o(.text.PORTC_IRQHandler) refers to main.o(.data.State_Button2) for State_Button2
    main.o(.ARM.exidx.text.PORTC_IRQHandler) refers to main.o(.text.PORTC_IRQHandler) for [Anonymous Symbol]
    main.o(.text.LPUART1_RxTx_IRQHandler) refers to main.o(.bss.input_complete) for input_complete
    main.o(.text.LPUART1_RxTx_IRQHandler) refers to uart_processing.o(.text.receive_data) for receive_data
    main.o(.text.LPUART1_RxTx_IRQHandler) refers to main.o(.bss.State_Set) for State_Set
    main.o(.text.LPUART1_RxTx_IRQHandler) refers to uart_processing.o(.text.process_setting) for process_setting
    main.o(.text.LPUART1_RxTx_IRQHandler) refers to uart_processing.o(.text.reset_received_data) for reset_received_data
    main.o(.text.LPUART1_RxTx_IRQHandler) refers to main.o(.data.Date_Format_Str) for Date_Format_Str
    main.o(.text.LPUART1_RxTx_IRQHandler) refers to uart_processing.o(.text.print_Output) for print_Output
    main.o(.text.LPUART1_RxTx_IRQHandler) refers to main.o(.data.Time_Format_Str) for Time_Format_Str
    main.o(.text.LPUART1_RxTx_IRQHandler) refers to main.o(.data.Error_String) for Error_String
    main.o(.text.LPUART1_RxTx_IRQHandler) refers to uart_processing.o(.text.Check_Date_Format) for Check_Date_Format
    main.o(.text.LPUART1_RxTx_IRQHandler) refers to main.o(.data.day) for day
    main.o(.text.LPUART1_RxTx_IRQHandler) refers to main.o(.data.month) for month
    main.o(.text.LPUART1_RxTx_IRQHandler) refers to main.o(.data.year) for year
    main.o(.text.LPUART1_RxTx_IRQHandler) refers to uart_processing.o(.text.Update_Date) for Update_Date
    main.o(.text.LPUART1_RxTx_IRQHandler) refers to main.o(.data.Date_Updated_Str) for Date_Updated_Str
    main.o(.text.LPUART1_RxTx_IRQHandler) refers to uart_processing.o(.text.Check_Time_Format) for Check_Time_Format
    main.o(.text.LPUART1_RxTx_IRQHandler) refers to main.o(.bss.second) for second
    main.o(.text.LPUART1_RxTx_IRQHandler) refers to main.o(.bss.minute) for minute
    main.o(.text.LPUART1_RxTx_IRQHandler) refers to main.o(.bss.hour) for hour
    main.o(.text.LPUART1_RxTx_IRQHandler) refers to uart_processing.o(.text.Update_Time) for Update_Time
    main.o(.text.LPUART1_RxTx_IRQHandler) refers to main.o(.data.Time_Updated_Str) for Time_Updated_Str
    main.o(.ARM.exidx.text.LPUART1_RxTx_IRQHandler) refers to main.o(.text.LPUART1_RxTx_IRQHandler) for [Anonymous Symbol]
    main.o(.text.LPIT0_Ch3_IRQHandler) refers to lpit.o(.text.Lpit_Clear_Interrupt_Flag) for Lpit_Clear_Interrupt_Flag
    main.o(.text.LPIT0_Ch3_IRQHandler) refers to main.o(.bss.count) for count
    main.o(.text.LPIT0_Ch3_IRQHandler) refers to main.o(.bss.second) for second
    main.o(.text.LPIT0_Ch3_IRQHandler) refers to processdatetime.o(.text.Time) for Time
    main.o(.text.LPIT0_Ch3_IRQHandler) refers to main.o(.data.day) for day
    main.o(.text.LPIT0_Ch3_IRQHandler) refers to processdatetime.o(.text.Date) for Date
    main.o(.text.LPIT0_Ch3_IRQHandler) refers to main.o(.data.State_Button1) for State_Button1
    main.o(.text.LPIT0_Ch3_IRQHandler) refers to main.o(.data.State_Button2) for State_Button2
    main.o(.text.LPIT0_Ch3_IRQHandler) refers to main.o(.bss.State_Display) for State_Display
    main.o(.text.LPIT0_Ch3_IRQHandler) refers to max7219.o(.text.Turn_On_Display) for Turn_On_Display
    main.o(.text.LPIT0_Ch3_IRQHandler) refers to main.o(.data.month) for month
    main.o(.text.LPIT0_Ch3_IRQHandler) refers to main.o(.data.year) for year
    main.o(.text.LPIT0_Ch3_IRQHandler) refers to max7219.o(.text.Display_Date) for Display_Date
    main.o(.text.LPIT0_Ch3_IRQHandler) refers to main.o(.bss.minute) for minute
    main.o(.text.LPIT0_Ch3_IRQHandler) refers to main.o(.bss.hour) for hour
    main.o(.text.LPIT0_Ch3_IRQHandler) refers to max7219.o(.text.Display_Time) for Display_Time
    main.o(.text.LPIT0_Ch3_IRQHandler) refers to max7219.o(.text.Turn_Off_Display) for Turn_Off_Display
    main.o(.ARM.exidx.text.LPIT0_Ch3_IRQHandler) refers to main.o(.text.LPIT0_Ch3_IRQHandler) for [Anonymous Symbol]
    main.o(.text.ADC0_IRQHandler) refers to main.o(.bss.ADC_Value) for ADC_Value
    main.o(.text.ADC0_IRQHandler) refers to max7219.o(.text.Control_Intensity) for Control_Intensity
    main.o(.ARM.exidx.text.ADC0_IRQHandler) refers to main.o(.text.ADC0_IRQHandler) for [Anonymous Symbol]
    clock.o(.ARM.exidx.text.Clock_SetPccConfig) refers to clock.o(.text.Clock_SetPccConfig) for [Anonymous Symbol]
[...]
    Removing config.o(.ARM.exidx.text.Config_LPIT), (8 bytes).
    Removing config.o(.ARM.exidx.text.Config_UART_1), (8 bytes).
    Removing config.o(.ARM.exidx.text.Config_SPI), (8 bytes).
    Removing config.o(.ARM.exidx.text.Config_Buttons), (8 bytes).
    Removing config.o(.ARM.exidx.text.Config_ADC), (8 bytes).
    Removing max7219.o(.text), (0 bytes).
    Removing max7219.o(.ARM.exidx.text.Init_MAX7219), (8 bytes).
    Removing max7219.o(.ARM.exidx.text.Display_Time), (8 bytes).
    Removing max7219.o(.ARM.exidx.text.Display_Date), (8 bytes).
    Removing max7219.o(.ARM.exidx.text.Control_Intensity), (8 bytes).
    Removing max7219.o(.ARM.exidx.text.Turn_Off_Display), (8 bytes).
    Removing max7219.o(.ARM.exidx.text.Turn_On_Display), (8 bytes).
    Removing max7219.o(.rodata.cst8), (8 bytes).
    Removing processdatetime.o(.text), (0 bytes).
    Removing processdatetime.o(.ARM.exidx.text.Date), (8 bytes).
    Removing processdatetime.o(.ARM.exidx.text.days_in_month), (8 bytes).
    Removing processdatetime.o(.ARM.exidx.text.Time), (8 bytes).
    Removing processdatetime.o(.ARM.exidx.text.is_leap_year), (8 bytes).
    Removing string.o(.text), (0 bytes).
    Removing string.o(.ARM.exidx.text.my_strlen), (8 bytes).
    Removing string.o(.ARM.exidx.text.my_strcpy), (8 bytes).
    Removing string.o(.text.my_strncpy), (84 bytes).
    Removing string.o(.ARM.exidx.text.my_strncpy), (8 bytes).
    Removing string.o(.ARM.exidx.text.my_strchr), (8 bytes).
    Removing string.o(.ARM.exidx.text.stringcompare), (8 bytes).
    Removing string.o(.ARM.exidx.text.Check_Format_Setting_Time), (8 bytes).
    Removing string.o(.ARM.exidx.text.my_isdigit), (8 bytes).
    Removing string.o(.ARM.exidx.text.Check_Format_Setting_Date), (8 bytes).
    Removing string.o(.ARM.exidx.text.my_atouchar), (8 bytes).
    Removing string.o(.ARM.exidx.text.my_atoushort), (8 bytes).
    Removing string.o(.ARM.exidx.text.my_strtok), (8 bytes).
    Removing uart_processing.o(.text), (0 bytes).
    Removing uart_processing.o(.ARM.exidx.text.receive_data), (8 bytes).
    Removing uart_processing.o(.ARM.exidx.text.reset_data), (8 bytes).
    Removing uart_processing.o(.ARM.exidx.text.reset_received_data), (8 bytes).
    Removing uart_processing.o(.ARM.exidx.text.print_Output), (8 bytes).
    Removing uart_processing.o(.ARM.exidx.text.process_setting), (8 bytes).
    Removing uart_processing.o(.ARM.exidx.text.Check_Date_Format), (8 bytes).
    Removing uart_processing.o(.ARM.exidx.text.Check_Time_Format), (8 bytes).
    Removing uart_processing.o(.ARM.exidx.text.Update_Date), (8 bytes).
    Removing uart_processing.o(.ARM.exidx.text.Update_Time), (8 bytes).
    Removing startup.o(.text), (0 bytes).
    Removing startup.o(.ARM.exidx.text.init_data_bss), (8 bytes).
    Removing system_s32k144.o(.text), (0 bytes).
    Removing system_s32k144.o(.ARM.exidx.text.SystemInit), (8 bytes).
    Removing system_s32k144.o(.text.SystemCoreClockUpdate), (254 bytes).
    Removing system_s32k144.o(.ARM.exidx.text.SystemCoreClockUpdate), (8 bytes).
    Removing system_s32k144.o(.text.SystemSoftwareReset), (48 bytes).
    Removing system_s32k144.o(.ARM.exidx.text.SystemSoftwareReset), (8 bytes).
    Removing system_s32k144.o(.data.SystemCoreClock), (4 bytes).
    Removing system_s32k144.o(.rodata.SystemCoreClockUpdate.fircFreq), (4 bytes).

124 unused section(s) (total 2098 bytes) removed from the image.

==============================================================================

Image Symbol Table

    Local Symbols

    Symbol Name                              Value     Ov Type        Size  Object(Section)

    ../clib/angel/boardlib.s                 0x00000000   Number         0  boardinit1.o ABSOLUTE
    ../clib/angel/boardlib.s                 0x00000000   Number         0  boardinit2.o ABSOLUTE
    ../clib/angel/boardlib.s                 0x00000000   Number         0  boardinit3.o ABSOLUTE
    ../clib/angel/boardlib.s                 0x00000000   Number         0  boardshut.o ABSOLUTE
    ../clib/angel/handlers.s                 0x00000000   Number         0  __scatter_copy.o ABSOLUTE
    ../clib/angel/handlers.s                 0x00000000   Number         0  __scatter_zi.o ABSOLUTE
    ../clib/angel/kernel.s                   0x00000000   Number         0  __rtentry.o ABSOLUTE
    ../clib/angel/kernel.s                   0x00000000   Number         0  __rtentry2.o ABSOLUTE
    ../clib/angel/kernel.s                   0x00000000   Number         0  __rtentry4.o ABSOLUTE
    ../clib/angel/kernel.s                   0x00000000   Number         0  __rtentry7.o ABSOLUTE
    ../clib/angel/kernel.s                   0x00000000   Number         0  rtexit.o ABSOLUTE
    ../clib/angel/kernel.s                   0x00000000   Number         0  rtexit2.o ABSOLUTE
    ../clib/angel/rt.s                       0x00000000   Number         0  rt_raise.o ABSOLUTE
    ../clib/angel/scatter.s                  0x00000000   Number         0  __scatter.o ABSOLUTE
    ../clib/angel/startup.s                  0x00000000   Number         0  __main.o ABSOLUTE
    ../clib/angel/sys.s                      0x00000000   Number         0  sys_stackheap_outer.o ABSOLUTE
    ../clib/angel/sys.s                      0x00000000   Number         0  libspace.o ABSOLUTE
    ../clib/angel/sys.s                      0x00000000   Number         0  sys_stackheap.o ABSOLUTE
    ../clib/angel/sys.s                      0x00000000   Number         0  sys_stackheap_hlt.o ABSOLUTE
    ../clib/angel/sys.s                      0x00000000   Number         0  use_no_semi.o ABSOLUTE
    ../clib/angel/sys.s                      0x00000000   Number         0  indicate_semi.o ABSOLUTE
    ../clib/angel/sysapp.c                   0x00000000   Number         0  sys_exit.o ABSOLUTE
    ../clib/angel/sysapp.c                   0x00000000   Number         0  sys_exit_hlt.o ABSOLUTE
    ../clib/angel/sysapp.c                   0x00000000   Number         0  sys_command.o ABSOLUTE
    ../clib/angel/sysapp.c                   0x00000000   Number         0  sys_command_hlt.o ABSOLUTE
    ../clib/angel/sysapp.c                   0x00000000   Number         0  sys_wrch.o ABSOLUTE
    ../clib/angel/sysapp.c                   0x00000000   Number         0  sys_wrch_hlt.o ABSOLUTE
    ../clib/armsys.c                         0x00000000   Number         0  argv_veneer.o ABSOLUTE
    ../clib/armsys.c                         0x00000000   Number         0  argv_veneer.o ABSOLUTE
    ../clib/armsys.c                         0x00000000   Number         0  _get_argv_nomalloc.o ABSOLUTE
    ../clib/armsys.c                         0x00000000   Number         0  no_argv.o ABSOLUTE
    ../clib/heapalloc.c                      0x00000000   Number         0  hrguard.o ABSOLUTE
    ../clib/libinit.s                        0x00000000   Number         0  libinit.o ABSOLUTE
    ../clib/libinit.s                        0x00000000   Number         0  libinit2.o ABSOLUTE
    ../clib/libinit.s                        0x00000000   Number         0  libinit5.o ABSOLUTE
    ../clib/libinit.s                        0x00000000   Number         0  libshutdown.o ABSOLUTE
    ../clib/libinit.s                        0x00000000   Number         0  libshutdown2.o ABSOLUTE
    ../clib/signal.c                         0x00000000   Number         0  defsig_rtmem_outer.o ABSOLUTE
    ../clib/signal.c                         0x00000000   Number         0  defsig_rtmem_formal.o ABSOLUTE
    ../clib/signal.c                         0x00000000   Number         0  defsig_exit.o ABSOLUTE
    ../clib/signal.c                         0x00000000   Number         0  defsig_rtmem_inner.o ABSOLUTE
    ../clib/signal.c                         0x00000000   Number         0  __raise.o ABSOLUTE
    ../clib/signal.c                         0x00000000   Number         0  defsig_general.o ABSOLUTE
    ../clib/signal.c                         0x00000000   Number         0  defsig_abrt_inner.o ABSOLUTE
    ../clib/signal.c                         0x00000000   Number         0  defsig_fpe_inner.o ABSOLUTE
    ../clib/signal.c                         0x00000000   Number         0  defsig_rtred_inner.o ABSOLUTE
    ../clib/signal.c                         0x00000000   Number         0  defsig_stak_inner.o ABSOLUTE
    ../clib/signal.c                         0x00000000   Number         0  defsig_pvfn_inner.o ABSOLUTE
    ../clib/signal.c                         0x00000000   Number         0  defsig_cppl_inner.o ABSOLUTE
    ../clib/signal.c                         0x00000000   Number         0  defsig_segv_inner.o ABSOLUTE
    ../clib/signal.c                         0x00000000   Number         0  defsig_other.o ABSOLUTE
    ../clib/signal.s                         0x00000000   Number         0  defsig.o ABSOLUTE
    ../clib/stdlib.c                         0x00000000   Number         0  exit.o ABSOLUTE
    ../fplib/fpinit.s                        0x00000000   Number         0  fpinit.o ABSOLUTE
    Clock.c                                  0x00000000   Number         0  clock.o ABSOLUTE
    Config.c                                 0x00000000   Number         0  config.o ABSOLUTE
    GPIO.c                                   0x00000000   Number         0  gpio.o ABSOLUTE
    Lpit.c                                   0x00000000   Number         0  lpit.o ABSOLUTE
    Lpspi.c                                  0x00000000   Number         0  lpspi.o ABSOLUTE
    Lpuart.c                                 0x00000000   Number         0  lpuart.o ABSOLUTE
    MAX7219.c                                0x00000000   Number         0  max7219.o ABSOLUTE
    Nvic.c                                   0x00000000   Number         0  nvic.o ABSOLUTE
    Port.c                                   0x00000000   Number         0  port.o ABSOLUTE
    ProcessDateTime.c                        0x00000000   Number         0  processdatetime.o ABSOLUTE
    RTE\Device\S32K144HAxxxLLx\startup_S32K144.S 0x00000000   Number         0  startup_s32k144.o ABSOLUTE
    String.c                                 0x00000000   Number         0  string.o ABSOLUTE
    Systick.c                                0x00000000   Number         0  systick.o ABSOLUTE
    UART_Processing.c                        0x00000000   Number         0  uart_processing.o ABSOLUTE
    dc.s                                     0x00000000   Number         0  dc.o ABSOLUTE
    main.c                                   0x00000000   Number         0  main.o ABSOLUTE
    startup.c                                0x00000000   Number         0  startup.o ABSOLUTE
    system_S32K144.c                         0x00000000   Number         0  system_s32k144.o ABSOLUTE
    RESET                                    0x00000000   Section      560  startup_s32k144.o(RESET)
    FlashConfig                              0x00000400   Section       16  startup_s32k144.o(FlashConfig)
    s_vectors                                0x00000410   Data           4  startup.o(.rodata.s_vectors)
    [Anonymous Symbol]                       0x00000410   Section        0  startup.o(.rodata.s_vectors)
    .L.str.1                                 0x00000414   Data           2  uart_processing.o(.rodata.str1.1)
    [Anonymous Symbol]                       0x00000414   Section        0  uart_processing.o(.rodata.str1.1)
    .L.str                                   0x00000416   Data           2  uart_processing.o(.rodata.str1.1)
    !!!main                                  0x00000418   Section        8  __main.o(!!!main)
    !!!scatter                               0x00000420   Section       52  __scatter.o(!!!scatter)
    !!handler_copy                           0x00000454   Section       26  __scatter_copy.o(!!handler_copy)
    !!handler_zi                             0x00000470   Section       28  __scatter_zi.o(!!handler_zi)
    .ARM.Collect$$libinit$$00000000          0x0000048c   Section        2  libinit.o(.ARM.Collect$$libinit$$00000000)
    .ARM.Collect$$libinit$$00000001          0x0000048e   Section        4  libinit2.o(.ARM.Collect$$libinit$$00000001)
    .ARM.Collect$$libinit$$00000004          0x00000492   Section        0  libinit2.o(.ARM.Collect$$libinit$$00000004)
    .ARM.Collect$$libinit$$00000006          0x00000492   Section        0  libinit2.o(.ARM.Collect$$libinit$$00000006)
    .ARM.Collect$$libinit$$0000000C          0x00000492   Section        0  libinit2.o(.ARM.Collect$$libinit$$0000000C)
    .ARM.Collect$$libinit$$0000000E          0x00000492   Section        0  libinit2.o(.ARM.Collect$$libinit$$0000000E)
    .ARM.Collect$$libinit$$00000010          0x00000492   Section        0  libinit2.o(.ARM.Collect$$libinit$$00000010)
    .ARM.Collect$$libinit$$00000013          0x00000492   Section        0  libinit2.o(.ARM.Collect$$libinit$$00000013)
    .ARM.Collect$$libinit$$00000015          0x00000492   Section        0  libinit2.o(.ARM.Collect$$libinit$$00000015)
    .ARM.Collect$$libinit$$00000017          0x00000492   Section        0  libinit2.o(.ARM.Collect$$libinit$$00000017)
    .ARM.Collect$$libinit$$00000019          0x00000492   Section        0  libinit2.o(.ARM.Collect$$libinit$$00000019)
    .ARM.Collect$$libinit$$0000001B          0x00000492   Section        0  libinit2.o(.ARM.Collect$$libinit$$0000001B)
    .ARM.Collect$$libinit$$0000001D          0x00000492   Section        0  libinit2.o(.ARM.Collect$$libinit$$0000001D)
    .ARM.Collect$$libinit$$0000001F          0x00000492   Section        0  libinit2.o(.ARM.Collect$$libinit$$0000001F)
    .ARM.Collect$$libinit$$00000021          0x00000492   Section        0  libinit2.o(.ARM.Collect$$libinit$$00000021)
    .ARM.Collect$$libinit$$00000023          0x00000492   Section        0  libinit2.o(.ARM.Collect$$libinit$$00000023)
    .ARM.Collect$$libinit$$00000025          0x00000492   Section        0  libinit2.o(.ARM.Collect$$libinit$$00000025)
    .ARM.Collect$$libinit$$00000027          0x00000492   Section        0  libinit2.o(.ARM.Collect$$libinit$$00000027)
    .ARM.Collect$$libinit$$0000002E          0x00000492   Section        0  libinit2.o(.ARM.Collect$$libinit$$0000002E)
    .ARM.Collect$$libinit$$00000030          0x00000492   Section        0  libinit2.o(.ARM.Collect$$libinit$$00000030)
    .ARM.Collect$$libinit$$00000032          0x00000492   Section        0  libinit2.o(.ARM.Collect$$libinit$$00000032)
    .ARM.Collect$$libinit$$00000034          0x00000492   Section        0  libinit2.o(.ARM.Collect$$libinit$$00000034)
    .ARM.Collect$$libinit$$00000035          0x00000492   Section        2  libinit2.o(.ARM.Collect$$libinit$$00000035)
    .ARM.Collect$$libshutdown$$00000000      0x00000494   Section        2  libshutdown.o(.ARM.Collect$$libshutdown$$00000000)
    .ARM.Collect$$libshutdown$$00000002      0x00000496   Section        0  libshutdown2.o(.ARM.Collect$$libshutdown$$00000002)
    .ARM.Collect$$libshutdown$$00000004      0x00000496   Section        0  libshutdown2.o(.ARM.Collect$$libshutdown$$00000004)
    .ARM.Collect$$libshutdown$$00000007      0x00000496   Section        0  libshutdown2.o(.ARM.Collect$$libshutdown$$00000007)
    .ARM.Collect$$libshutdown$$0000000A      0x00000496   Section        0  libshutdown2.o(.ARM.Collect$$libshutdown$$0000000A)
    .ARM.Collect$$libshutdown$$0000000C      0x00000496   Section        0  libshutdown2.o(.ARM.Collect$$libshutdown$$0000000C)
    .ARM.Collect$$libshutdown$$0000000F      0x00000496   Section        0  libshutdown2.o(.ARM.Collect$$libshutdown$$0000000F)
    .ARM.Collect$$libshutdown$$00000010      0x00000496   Section        2  libshutdown2.o(.ARM.Collect$$libshutdown$$00000010)
    .ARM.Collect$$rtentry$$00000000          0x00000498   Section        0  __rtentry.o(.ARM.Collect$$rtentry$$00000000)
    .ARM.Collect$$rtentry$$00000002          0x00000498   Section        0  __rtentry2.o(.ARM.Collect$$rtentry$$00000002)
    .ARM.Collect$$rtentry$$00000007          0x00000498   Section        4  __rtentry7.o(.ARM.Collect$$rtentry$$00000007)
    .ARM.Collect$$rtentry$$00000009          0x0000049c   Section        0  __rtentry2.o(.ARM.Collect$$rtentry$$00000009)
    .ARM.Collect$$rtentry$$0000000A          0x0000049c   Section        4  __rtentry2.o(.ARM.Collect$$rtentry$$0000000A)
    .ARM.Collect$$rtentry$$0000000C          0x000004a0   Section        0  __rtentry2.o(.ARM.Collect$$rtentry$$0000000C)
    .ARM.Collect$$rtentry$$0000000D          0x000004a0   Section        8  __rtentry2.o(.ARM.Collect$$rtentry$$0000000D)
    __lit__00000000                          0x000004a8   Data           4  __rtentry7.o(.ARM.Collect$$rtentry$$00002718)
    .ARM.Collect$$rtentry$$00002718          0x000004a8   Section        4  __rtentry7.o(.ARM.Collect$$rtentry$$00002718)
    .ARM.Collect$$rtexit$$00000000           0x000004ac   Section        2  rtexit.o(.ARM.Collect$$rtexit$$00000000)
    .ARM.Collect$$rtexit$$00000002           0x000004ae   Section        0  rtexit2.o(.ARM.Collect$$rtexit$$00000002)
    .ARM.Collect$$rtexit$$00000003           0x000004ae   Section        4  rtexit2.o(.ARM.Collect$$rtexit$$00000003)
    .ARM.Collect$$rtexit$$00000004           0x000004b2   Section        6  rtexit2.o(.ARM.Collect$$rtexit$$00000004)
    .text                                    0x000004b8   Section      156  startup_s32k144.o(.text)
    $v0                                      0x0000050c   Number         0  startup_s32k144.o(.text)
    .text                                    0x00000554   Section        0  exit.o(.text)
    .text                                    0x00000566   Section        2  use_no_semi.o(.text)
    .text                                    0x00000568   Section        0  indicate_semi.o(.text)
    .text                                    0x00000568   Section        0  sys_exit.o(.text)
    [Anonymous Symbol]                       0x00000574   Section        0  main.o(.text.ADC0_IRQHandler)
    [Anonymous Symbol]                       0x00000594   Section        0  uart_processing.o(.text.Check_Date_Format)
    [Anonymous Symbol]                       0x000005c0   Section        0  string.o(.text.Check_Format_Setting_Date)
    [Anonymous Symbol]                       0x00000740   Section        0  string.o(.text.Check_Format_Setting_Time)
    [Anonymous Symbol]                       0x00000888   Section        0  uart_processing.o(.text.Check_Time_Format)
    [Anonymous Symbol]                       0x000008b4   Section        0  clock.o(.text.Clock_SetPccConfig)
    [Anonymous Symbol]                       0x0000091c   Section        0  clock.o(.text.Clock_SetScgFircConfig)
    [Anonymous Symbol]                       0x00000954   Section        0  clock.o(.text.Clock_SetScgSoscConfig)
    Config_ADC                               0x000009b5   Thumb Code   208  config.o(.text.Config_ADC)
    [Anonymous Symbol]                       0x000009b4   Section        0  config.o(.text.Config_ADC)
    Config_Buttons                           0x00000a85   Thumb Code   110  config.o(.text.Config_Buttons)
    [Anonymous Symbol]                       0x00000a84   Section        0  config.o(.text.Config_Buttons)
    Config_Clock                             0x00000af5   Thumb Code   230  config.o(.text.Config_Clock)
    [Anonymous Symbol]                       0x00000af4   Section        0  config.o(.text.Config_Clock)
    Config_LPIT                              0x00000bdd   Thumb Code    48  config.o(.text.Config_LPIT)
    [Anonymous Symbol]                       0x00000bdc   Section        0  config.o(.text.Config_LPIT)
    Config_NVIC                              0x00000c0d   Thumb Code    72  config.o(.text.Config_NVIC)
    [Anonymous Symbol]                       0x00000c0c   Section        0  config.o(.text.Config_NVIC)
    Config_SPI                               0x00000c55   Thumb Code   170  config.o(.text.Config_SPI)
    [Anonymous Symbol]                       0x00000c54   Section        0  config.o(.text.Config_SPI)
    [Anonymous Symbol]                       0x00000d00   Section        0  config.o(.text.Config_System)
    Config_UART_1                            0x00000d21   Thumb Code   114  config.o(.text.Config_UART_1)
    [Anonymous Symbol]                       0x00000d20   Section        0  config.o(.text.Config_UART_1)
    [Anonymous Symbol]                       0x00000d94   Section        0  max7219.o(.text.Control_Intensity)
    [Anonymous Symbol]                       0x00000dc4   Section        0  processdatetime.o(.text.Date)
    [Anonymous Symbol]                       0x00000e3c   Section        0  max7219.o(.text.Display_Date)
    [Anonymous Symbol]                       0x00000f44   Section        0  max7219.o(.text.Display_Time)
    [Anonymous Symbol]                       0x00001004   Section        0  gpio.o(.text.GPIO_Init)
    [Anonymous Symbol]                       0x00001050   Section        0  max7219.o(.text.Init_MAX7219)
    [Anonymous Symbol]                       0x0000107c   Section        0  main.o(.text.LPIT0_Ch3_IRQHandler)
    [Anonymous Symbol]                       0x000011d0   Section        0  main.o(.text.LPUART1_RxTx_IRQHandler)
    [Anonymous Symbol]                       0x00001378   Section        0  lpit.o(.text.Lpit_Clear_Interrupt_Flag)
    [Anonymous Symbol]                       0x000013b4   Section        0  lpit.o(.text.Lpit_Init)
    [Anonymous Symbol]                       0x000013d0   Section        0  lpit.o(.text.Lpit_InitChannel)
    [Anonymous Symbol]                       0x00001464   Section        0  lpit.o(.text.Lpit_StartChannel)
    [Anonymous Symbol]                       0x000014a0   Section        0  lpspi.o(.text.Lpspi_Init)
    [Anonymous Symbol]                       0x00001584   Section        0  lpspi.o(.text.Lpspi_Transmit)
    [Anonymous Symbol]                       0x000015c8   Section        0  lpuart.o(.text.Lpuart_Init)
    [Anonymous Symbol]                       0x00001704   Section        0  lpuart.o(.text.Lpuart_Receive)
    [Anonymous Symbol]                       0x00001718   Section        0  lpuart.o(.text.Lpuart_Transmit)
    [Anonymous Symbol]                       0x0000175c   Section        0  nvic.o(.text.NVIC_EnableInterrupt)
    [Anonymous Symbol]                       0x00001784   Section        0  nvic.o(.text.NVIC_SetPriority)
    [Anonymous Symbol]                       0x00001804   Section        0  main.o(.text.PORTC_IRQHandler)
    [Anonymous Symbol]                       0x0000189c   Section        0  port.o(.text.Port_Init)
    [Anonymous Symbol]                       0x000019f0   Section        0  system_s32k144.o(.text.SystemInit)
    [Anonymous Symbol]                       0x00001a44   Section        0  processdatetime.o(.text.Time)
    [Anonymous Symbol]                       0x00001acc   Section        0  max7219.o(.text.Turn_Off_Display)
    [Anonymous Symbol]                       0x00001af0   Section        0  max7219.o(.text.Turn_On_Display)
    [Anonymous Symbol]                       0x00001b14   Section        0  uart_processing.o(.text.Update_Date)
    [Anonymous Symbol]                       0x00001b7c   Section        0  uart_processing.o(.text.Update_Time)
    days_in_month                            0x00001be5   Thumb Code   170  processdatetime.o(.text.days_in_month)
    [Anonymous Symbol]                       0x00001be4   Section        0  processdatetime.o(.text.days_in_month)
    [Anonymous Symbol]                       0x00001c90   Section        0  startup.o(.text.init_data_bss)
    is_leap_year                             0x00001d31   Thumb Code   124  processdatetime.o(.text.is_leap_year)
    [Anonymous Symbol]                       0x00001d30   Section        0  processdatetime.o(.text.is_leap_year)
    [Anonymous Symbol]                       0x00001dac   Section        0  main.o(.text.main)
    [Anonymous Symbol]                       0x00001dc0   Section        0  string.o(.text.my_atouchar)
    [Anonymous Symbol]                       0x00001e24   Section        0  string.o(.text.my_atoushort)
    my_isdigit                               0x00001e89   Thumb Code    50  string.o(.text.my_isdigit)
    [Anonymous Symbol]                       0x00001e88   Section        0  string.o(.text.my_isdigit)
    [Anonymous Symbol]                       0x00001ebc   Section        0  string.o(.text.my_strchr)
    [Anonymous Symbol]                       0x00001ef8   Section        0  string.o(.text.my_strcpy)
    [Anonymous Symbol]                       0x00001f28   Section        0  string.o(.text.my_strlen)
    [Anonymous Symbol]                       0x00001f60   Section        0  string.o(.text.my_strtok)
    [Anonymous Symbol]                       0x0000205c   Section        0  uart_processing.o(.text.print_Output)
    [Anonymous Symbol]                       0x00002088   Section        0  uart_processing.o(.text.process_setting)
    [Anonymous Symbol]                       0x000020dc   Section        0  uart_processing.o(.text.receive_data)
    [Anonymous Symbol]                       0x00002128   Section        0  uart_processing.o(.text.reset_data)
    [Anonymous Symbol]                       0x0000215c   Section        0  uart_processing.o(.text.reset_received_data)
    [Anonymous Symbol]                       0x0000216c   Section        0  string.o(.text.stringcompare)
    $v0                                      0x000021ec   Number         0  fpinit.o(x$fpl$fpinit)
    x$fpl$fpinit                             0x000021ec   Section       26  fpinit.o(x$fpl$fpinit)
    Setting_Date_String                      0x1fff8450   Data          20  uart_processing.o(.data.Setting_Date_String)
    [Anonymous Symbol]                       0x1fff8450   Section        0  uart_processing.o(.data.Setting_Date_String)
    Setting_Time_String                      0x1fff8464   Data          20  uart_processing.o(.data.Setting_Time_String)
    [Anonymous Symbol]                       0x1fff8464   Section        0  uart_processing.o(.data.Setting_Time_String)
    State_Button1                            0x1fff8478   Data           1  main.o(.data.State_Button1)
    [Anonymous Symbol]                       0x1fff8478   Section        0  main.o(.data.State_Button1)
    State_Button2                            0x1fff8479   Data           1  main.o(.data.State_Button2)
    [Anonymous Symbol]                       0x1fff8479   Section        0  main.o(.data.State_Button2)
    ConfigFIRC                               0x20000002   Data           2  config.o(.bss.ConfigFIRC)
    [Anonymous Symbol]                       0x20000002   Section        0  config.o(.bss.ConfigFIRC)
    ConfigLPIT                               0x20000004   Data           3  config.o(.bss.ConfigLPIT)
    [Anonymous Symbol]                       0x20000004   Section        0  config.o(.bss.ConfigLPIT)
    ConfigLPIT_CH3                           0x20000008   Data           8  config.o(.bss.ConfigLPIT_CH3)
    [Anonymous Symbol]                       0x20000008   Section        0  config.o(.bss.ConfigLPIT_CH3)
    ConfigSOSC                               0x20000010   Data           2  config.o(.bss.ConfigSOSC)
    [Anonymous Symbol]                       0x20000010   Section        0  config.o(.bss.ConfigSOSC)
    ConfigSPI1                               0x20000014   Data          36  config.o(.bss.ConfigSPI1)
    [Anonymous Symbol]                       0x20000014   Section        0  config.o(.bss.ConfigSPI1)
    ConfigUART                               0x20000038   Data          20  config.o(.bss.ConfigUART)
    [Anonymous Symbol]                       0x20000038   Section        0  config.o(.bss.ConfigUART)
    PCC_ADC0                                 0x2000004c   Data           3  config.o(.bss.PCC_ADC0)
    [Anonymous Symbol]                       0x2000004c   Section        0  config.o(.bss.PCC_ADC0)
    PCC_LPSPI1                               0x2000004f   Data           3  config.o(.bss.PCC_LPSPI1)
    [Anonymous Symbol]                       0x2000004f   Section        0  config.o(.bss.PCC_LPSPI1)
    PCC_PORTB                                0x20000052   Data           3  config.o(.bss.PCC_PORTB)
    [Anonymous Symbol]                       0x20000052   Section        0  config.o(.bss.PCC_PORTB)
    PCC_PORTC                                0x20000055   Data           3  config.o(.bss.PCC_PORTC)
    [Anonymous Symbol]                       0x20000055   Section        0  config.o(.bss.PCC_PORTC)
    PCC_PORTD                                0x20000058   Data           3  config.o(.bss.PCC_PORTD)
    [Anonymous Symbol]                       0x20000058   Section        0  config.o(.bss.PCC_PORTD)
    PCC_UART0                                0x2000005b   Data           3  config.o(.bss.PCC_UART0)
    [Anonymous Symbol]                       0x2000005b   Section        0  config.o(.bss.PCC_UART0)
    PCC_UART1                                0x2000005e   Data           3  config.o(.bss.PCC_UART1)
    [Anonymous Symbol]                       0x2000005e   Section        0  config.o(.bss.PCC_UART1)
    PORTB_Pin14                              0x20000064   Data          12  config.o(.bss.PORTB_Pin14)
    [Anonymous Symbol]                       0x20000064   Section        0  config.o(.bss.PORTB_Pin14)
    PORTB_Pin15                              0x20000070   Data          12  config.o(.bss.PORTB_Pin15)
    [Anonymous Symbol]                       0x20000070   Section        0  config.o(.bss.PORTB_Pin15)
    PORTB_Pin16                              0x2000007c   Data          12  config.o(.bss.PORTB_Pin16)
    [Anonymous Symbol]                       0x2000007c   Section        0  config.o(.bss.PORTB_Pin16)
    PORTB_Pin17                              0x20000088   Data          12  config.o(.bss.PORTB_Pin17)
    [Anonymous Symbol]                       0x20000088   Section        0  config.o(.bss.PORTB_Pin17)
    PORTC_Pin12                              0x20000094   Data          12  config.o(.bss.PORTC_Pin12)
    [Anonymous Symbol]                       0x20000094   Section        0  config.o(.bss.PORTC_Pin12)
    PORTC_Pin13                              0x200000a0   Data          12  config.o(.bss.PORTC_Pin13)
    [Anonymous Symbol]                       0x200000a0   Section        0  config.o(.bss.PORTC_Pin13)
    PORTC_Pin14                              0x200000ac   Data          12  config.o(.bss.PORTC_Pin14)
    [Anonymous Symbol]                       0x200000ac   Section        0  config.o(.bss.PORTC_Pin14)
    PORTC_Pin6                               0x200000b8   Data          12  config.o(.bss.PORTC_Pin6)
    [Anonymous Symbol]                       0x200000b8   Section        0  config.o(.bss.PORTC_Pin6)
    PORTC_Pin7                               0x200000c4   Data          12  config.o(.bss.PORTC_Pin7)
    [Anonymous Symbol]                       0x200000c4   Section        0  config.o(.bss.PORTC_Pin7)
    Port_Init.regValue                       0x200000d0   Data           4  port.o(.bss.Port_Init.regValue)
    [Anonymous Symbol]                       0x200000d0   Section        0  port.o(.bss.Port_Init.regValue)
    Port_Init.ret                            0x200000d4   Data           1  port.o(.bss.Port_Init.ret)
    [Anonymous Symbol]                       0x200000d4   Section        0  port.o(.bss.Port_Init.ret)
    State_Display                            0x200000d5   Data           1  main.o(.bss.State_Display)
    [Anonymous Symbol]                       0x200000d5   Section        0  main.o(.bss.State_Display)
    State_Set                                0x200000d6   Data           1  main.o(.bss.State_Set)
    [Anonymous Symbol]                       0x200000d6   Section        0  main.o(.bss.State_Set)
    count                                    0x200000d7   Data           1  main.o(.bss.count)
    [Anonymous Symbol]                       0x200000d7   Section        0  main.o(.bss.count)
    count_input_data                         0x200000d8   Data           1  uart_processing.o(.bss.count_input_data)
    [Anonymous Symbol]                       0x200000d8   Section        0  uart_processing.o(.bss.count_input_data)
    input_complete                           0x200000da   Data           1  main.o(.bss.input_complete)
    [Anonymous Symbol]                       0x200000da   Section        0  main.o(.bss.input_complete)
    mask                                     0x200000dc   Data           4  nvic.o(.bss.mask)
    [Anonymous Symbol]                       0x200000dc   Section        0  nvic.o(.bss.mask)
    my_strtok.nextToken                      0x200000e4   Data           4  string.o(.bss.my_strtok.nextToken)
    [Anonymous Symbol]                       0x200000e4   Section        0  string.o(.bss.my_strtok.nextToken)
    offset                                   0x200000e8   Data           1  nvic.o(.bss.offset)
    [Anonymous Symbol]                       0x200000e8   Section        0  nvic.o(.bss.offset)
    print_Output.length                      0x200000ec   Data           4  uart_processing.o(.bss.print_Output.length)
    [Anonymous Symbol]                       0x200000ec   Section        0  uart_processing.o(.bss.print_Output.length)
    received_data                            0x200000f0   Data          20  uart_processing.o(.bss.received_data)
    [Anonymous Symbol]                       0x200000f0   Section        0  uart_processing.o(.bss.received_data)
    shiftAmount                              0x20000108   Data           4  nvic.o(.bss.shiftAmount)
    [Anonymous Symbol]                       0x20000108   Section        0  nvic.o(.bss.shiftAmount)

    Global Symbols

    Symbol Name                              Value     Ov Type        Size  Object(Section)

    BuildAttributes$$THM_ISAv4$E$P$D$K$B$S$7EM$VFPi3$EXTD16$VFPS$VFMA$PE$A:L22UL41UL21$X:L11$S22US41US21$IEEE1$IW$~IW$USESV6$~STKCKD$USESV7$~SHL$OSPACE$ROPI$EBA8$UX$STANDARDLIB$REQ8$PRES8$EABIv2 0x00000000   Number         0  anon$$obj.o ABSOLUTE
    Image$$RW_m_code$$Length                 0x00000000   Number         0  anon$$obj.o ABSOLUTE
    Image$$VECTOR_RAM$$Length                0x00000000   Number         0  anon$$obj.o ABSOLUTE
    Image$$VECTOR_ROM$$Base                  0x00000000   Number         0  anon$$obj.o ABSOLUTE
    __Vectors                                0x00000000   Data           4  startup_s32k144.o(RESET)
    Image$$ZI$$Limit                          - Undefined Weak Reference
    __ARM_exceptions_init                     - Undefined Weak Reference
    __alloca_initialize                       - Undefined Weak Reference
    __arm_preinit_                            - Undefined Weak Reference
    __arm_relocate_pie_                       - Undefined Weak Reference
    __cpp_initialize__aeabi_                  - Undefined Weak Reference
    __cxa_finalize                            - Undefined Weak Reference
    __rt_locale                               - Undefined Weak Reference
    __sigvec_lookup                           - Undefined Weak Reference
    _atexit_init                              - Undefined Weak Reference
    _call_atexit_fns                          - Undefined Weak Reference
    _clock_init                               - Undefined Weak Reference
    _fp_trap_init                             - Undefined Weak Reference
    _fp_trap_shutdown                         - Undefined Weak Reference
    _get_lc_collate                           - Undefined Weak Reference
    _get_lc_ctype                             - Undefined Weak Reference
    _get_lc_monetary                          - Undefined Weak Reference
    _get_lc_numeric                           - Undefined Weak Reference
    _get_lc_time                              - Undefined Weak Reference
    _getenv_init                              - Undefined Weak Reference
    _handle_redirection                       - Undefined Weak Reference
    _init_alloc                               - Undefined Weak Reference
    _init_user_alloc                          - Undefined Weak Reference
    _initio                                   - Undefined Weak Reference
    _rand_init                                - Undefined Weak Reference
    _signal_finish                            - Undefined Weak Reference
    _signal_init                              - Undefined Weak Reference
    _terminate_alloc                          - Undefined Weak Reference
    _terminate_user_alloc                     - Undefined Weak Reference
    _terminateio                              - Undefined Weak Reference
    Image$$RW_m_data$$Length                 0x000000bc   Number         0  anon$$obj.o ABSOLUTE
    Image$$VECTOR_ROM$$Length                0x00000230   Number         0  anon$$obj.o ABSOLUTE
    Image$$VECTOR_ROM$$Limit                 0x00000230   Number         0  anon$$obj.o ABSOLUTE
    Image$$ER_m_text_const$$Base             0x00000410   Number         0  anon$$obj.o ABSOLUTE
    Image$$ER_m_text_const$$Limit            0x00000418   Number         0  anon$$obj.o ABSOLUTE
    __main                                   0x00000419   Thumb Code     8  __main.o(!!!main)
    __scatterload                            0x00000421   Thumb Code     0  __scatter.o(!!!scatter)
    __scatterload_rt2                        0x00000421   Thumb Code    44  __scatter.o(!!!scatter)
    __scatterload_rt2_thumb_only             0x00000421   Thumb Code     0  __scatter.o(!!!scatter)
    __scatterload_null                       0x0000042f   Thumb Code     0  __scatter.o(!!!scatter)
    __scatterload_copy                       0x00000455   Thumb Code    26  __scatter_copy.o(!!handler_copy)
    __scatterload_zeroinit                   0x00000471   Thumb Code    28  __scatter_zi.o(!!handler_zi)
    __rt_lib_init                            0x0000048d   Thumb Code     0  libinit.o(.ARM.Collect$$libinit$$00000000)
    __rt_lib_init_fp_1                       0x0000048f   Thumb Code     0  libinit2.o(.ARM.Collect$$libinit$$00000001)
    __rt_lib_init_alloca_1                   0x00000493   Thumb Code     0  libinit2.o(.ARM.Collect$$libinit$$00000030)
    __rt_lib_init_argv_1                     0x00000493   Thumb Code     0  libinit2.o(.ARM.Collect$$libinit$$0000002E)
    __rt_lib_init_atexit_1                   0x00000493   Thumb Code     0  libinit2.o(.ARM.Collect$$libinit$$0000001D)
    __rt_lib_init_clock_1                    0x00000493   Thumb Code     0  libinit2.o(.ARM.Collect$$libinit$$00000023)
    __rt_lib_init_cpp_1                      0x00000493   Thumb Code     0  libinit2.o(.ARM.Collect$$libinit$$00000034)
    __rt_lib_init_exceptions_1               0x00000493   Thumb Code     0  libinit2.o(.ARM.Collect$$libinit$$00000032)
    __rt_lib_init_fp_trap_1                  0x00000493   Thumb Code     0  libinit2.o(.ARM.Collect$$libinit$$00000021)
    __rt_lib_init_getenv_1                   0x00000493   Thumb Code     0  libinit2.o(.ARM.Collect$$libinit$$00000025)
    __rt_lib_init_heap_1                     0x00000493   Thumb Code     0  libinit2.o(.ARM.Collect$$libinit$$0000000C)
    __rt_lib_init_lc_collate_1               0x00000493   Thumb Code     0  libinit2.o(.ARM.Collect$$libinit$$00000013)
    __rt_lib_init_lc_ctype_1                 0x00000493   Thumb Code     0  libinit2.o(.ARM.Collect$$libinit$$00000015)
    __rt_lib_init_lc_monetary_1              0x00000493   Thumb Code     0  libinit2.o(.ARM.Collect$$libinit$$00000017)
    __rt_lib_init_lc_numeric_1               0x00000493   Thumb Code     0  libinit2.o(.ARM.Collect$$libinit$$00000019)
    __rt_lib_init_lc_time_1                  0x00000493   Thumb Code     0  libinit2.o(.ARM.Collect$$libinit$$0000001B)
    __rt_lib_init_preinit_1                  0x00000493   Thumb Code     0  libinit2.o(.ARM.Collect$$libinit$$00000006)
    __rt_lib_init_rand_1                     0x00000493   Thumb Code     0  libinit2.o(.ARM.Collect$$libinit$$00000010)
    __rt_lib_init_relocate_pie_1             0x00000493   Thumb Code     0  libinit2.o(.ARM.Collect$$libinit$$00000004)
    __rt_lib_init_return                     0x00000493   Thumb Code     0  libinit2.o(.ARM.Collect$$libinit$$00000035)
    __rt_lib_init_signal_1                   0x00000493   Thumb Code     0  libinit2.o(.ARM.Collect$$libinit$$0000001F)
    __rt_lib_init_stdio_1                    0x00000493   Thumb Code     0  libinit2.o(.ARM.Collect$$libinit$$00000027)
    __rt_lib_init_user_alloc_1               0x00000493   Thumb Code     0  libinit2.o(.ARM.Collect$$libinit$$0000000E)
    __rt_lib_shutdown                        0x00000495   Thumb Code     0  libshutdown.o(.ARM.Collect$$libshutdown$$00000000)
    __rt_lib_shutdown_cpp_1                  0x00000497   Thumb Code     0  libshutdown2.o(.ARM.Collect$$libshutdown$$00000002)
    __rt_lib_shutdown_fp_trap_1              0x00000497   Thumb Code     0  libshutdown2.o(.ARM.Collect$$libshutdown$$00000007)
    __rt_lib_shutdown_heap_1                 0x00000497   Thumb Code     0  libshutdown2.o(.ARM.Collect$$libshutdown$$0000000F)
    __rt_lib_shutdown_return                 0x00000497   Thumb Code     0  libshutdown2.o(.ARM.Collect$$libshutdown$$00000010)
    __rt_lib_shutdown_signal_1               0x00000497   Thumb Code     0  libshutdown2.o(.ARM.Collect$$libshutdown$$0000000A)
    __rt_lib_shutdown_stdio_1                0x00000497   Thumb Code     0  libshutdown2.o(.ARM.Collect$$libshutdown$$00000004)
    __rt_lib_shutdown_user_alloc_1           0x00000497   Thumb Code     0  libshutdown2.o(.ARM.Collect$$libshutdown$$0000000C)
    __rt_entry                               0x00000499   Thumb Code     0  __rtentry.o(.ARM.Collect$$rtentry$$00000000)
    __rt_entry_presh_1                       0x00000499   Thumb Code     0  __rtentry2.o(.ARM.Collect$$rtentry$$00000002)
    __rt_entry_sh                            0x00000499   Thumb Code     0  __rtentry7.o(.ARM.Collect$$rtentry$$00000007)
    __rt_entry_li                            0x0000049d   Thumb Code     0  __rtentry2.o(.ARM.Collect$$rtentry$$0000000A)
    __rt_entry_postsh_1                      0x0000049d   Thumb Code     0  __rtentry2.o(.ARM.Collect$$rtentry$$00000009)
    __rt_entry_main                          0x000004a1   Thumb Code     0  __rtentry2.o(.ARM.Collect$$rtentry$$0000000D)
    __rt_entry_postli_1                      0x000004a1   Thumb Code     0  __rtentry2.o(.ARM.Collect$$rtentry$$0000000C)
    __rt_exit                                0x000004ad   Thumb Code     0  rtexit.o(.ARM.Collect$$rtexit$$00000000)
    __rt_exit_ls                             0x000004af   Thumb Code     0  rtexit2.o(.ARM.Collect$$rtexit$$00000003)
    __rt_exit_prels_1                        0x000004af   Thumb Code     0  rtexit2.o(.ARM.Collect$$rtexit$$00000002)
    __rt_exit_exit                           0x000004b3   Thumb Code     0  rtexit2.o(.ARM.Collect$$rtexit$$00000004)
    __RAM_VECTOR_TABLE_SIZE                  0x000004b8   Data           4  startup_s32k144.o(.text)
    __VECTOR_RAM                             0x000004bc   Data           4  startup_s32k144.o(.text)
    __VECTOR_ROM                             0x000004c0   Data           4  startup_s32k144.o(.text)
    __VECTOR_ROM_START                       0x000004c4   Data           4  startup_s32k144.o(.text)
    __VECTOR_ROM_END                         0x000004c8   Data           4  startup_s32k144.o(.text)
    __CODE_ROM                               0x000004cc   Data           4  startup_s32k144.o(.text)
    __CODE_END                               0x000004d0   Data           4  startup_s32k144.o(.text)
    __CODE_RAM                               0x000004d4   Data           4  startup_s32k144.o(.text)
    __CODE_RAM_START                         0x000004d8   Data           4  startup_s32k144.o(.text)
    __CODE_RAM_END                           0x000004dc   Data           4  startup_s32k144.o(.text)
    __BSS_START                              0x000004e0   Data           4  startup_s32k144.o(.text)
    __BSS_END                                0x000004e4   Data           4  startup_s32k144.o(.text)
    __DATA_RAM                               0x000004e8   Data           4  startup_s32k144.o(.text)
    __DATA_RAM_START                         0x000004ec   Data           4  startup_s32k144.o(.text)
    __DATA_RAM_END                           0x000004f0   Data           4  startup_s32k144.o(.text)
    __DATA_ROM                               0x000004f4   Data           4  startup_s32k144.o(.text)
    __DATA_END                               0x000004f8   Data           4  startup_s32k144.o(.text)
    __CUSTOM_SECTION_START                   0x000004fc   Data           4  startup_s32k144.o(.text)
    __CUSTOM_SECTION_END                     0x00000500   Data           4  startup_s32k144.o(.text)
    __RAM_START                              0x00000504   Data           4  startup_s32k144.o(.text)
    __RAM_END                                0x00000508   Data           4  startup_s32k144.o(.text)
    Reset_Handler                            0x0000050d   Thumb Code    28  startup_s32k144.o(.text)
    NMI_Handler                              0x00000529   Thumb Code     2  startup_s32k144.o(.text)
    HardFault_Handler                        0x0000052b   Thumb Code     2  startup_s32k144.o(.text)
    MemManage_Handler                        0x0000052d   Thumb Code     2  startup_s32k144.o(.text)
    BusFault_Handler                         0x0000052f   Thumb Code     2  startup_s32k144.o(.text)
    UsageFault_Handler                       0x00000531   Thumb Code     2  startup_s32k144.o(.text)
    SVC_Handler                              0x00000533   Thumb Code     2  startup_s32k144.o(.text)
    DebugMon_Handler                         0x00000535   Thumb Code     2  startup_s32k144.o(.text)
    PendSV_Handler                           0x00000537   Thumb Code     2  startup_s32k144.o(.text)
    SysTick_Handler                          0x00000539   Thumb Code     2  startup_s32k144.o(.text)
    DefaultISR                               0x0000053b   Thumb Code     2  startup_s32k144.o(.text)
    ADC1_IRQHandler                          0x0000053d   Thumb Code     0  startup_s32k144.o(.text)
    CAN0_Error_IRQHandler                    0x0000053d   Thumb Code     0  startup_s32k144.o(.text)
    CAN0_ORed_0_15_MB_IRQHandler             0x0000053d   Thumb Code     0  startup_s32k144.o(.text)
    CAN0_ORed_16_31_MB_IRQHandler            0x0000053d   Thumb Code     0  startup_s32k144.o(.text)
    CAN0_ORed_IRQHandler                     0x0000053d   Thumb Code     0  startup_s32k144.o(.text)
    CAN0_Wake_Up_IRQHandler                  0x0000053d   Thumb Code     0  startup_s32k144.o(.text)
    CAN1_Error_IRQHandler                    0x0000053d   Thumb Code     0  startup_s32k144.o(.text)
    CAN1_ORed_0_15_MB_IRQHandler             0x0000053d   Thumb Code     0  startup_s32k144.o(.text)
    CAN1_ORed_IRQHandler                     0x0000053d   Thumb Code     0  startup_s32k144.o(.text)
    CAN2_Error_IRQHandler                    0x0000053d   Thumb Code     0  startup_s32k144.o(.text)
    CAN2_ORed_0_15_MB_IRQHandler             0x0000053d   Thumb Code     0  startup_s32k144.o(.text)
    CAN2_ORed_IRQHandler                     0x0000053d   Thumb Code     0  startup_s32k144.o(.text)
    CMP0_IRQHandler                          0x0000053d   Thumb Code     0  startup_s32k144.o(.text)
    DMA0_IRQHandler                          0x0000053d   Thumb Code     0  startup_s32k144.o(.text)
    DMA10_IRQHandler                         0x0000053d   Thumb Code     0  startup_s32k144.o(.text)
    DMA11_IRQHandler                         0x0000053d   Thumb Code     0  startup_s32k144.o(.text)
    DMA12_IRQHandler                         0x0000053d   Thumb Code     0  startup_s32k144.o(.text)
    DMA13_IRQHandler                         0x0000053d   Thumb Code     0  startup_s32k144.o(.text)
    DMA14_IRQHandler                         0x0000053d   Thumb Code     0  startup_s32k144.o(.text)
    DMA15_IRQHandler                         0x0000053d   Thumb Code     0  startup_s32k144.o(.text)
    DMA1_IRQHandler                          0x0000053d   Thumb Code     0  startup_s32k144.o(.text)
    DMA2_IRQHandler                          0x0000053d   Thumb Code     0  startup_s32k144.o(.text)
    DMA3_IRQHandler                          0x0000053d   Thumb Code     0  startup_s32k144.o(.text)
    DMA4_IRQHandler                          0x0000053d   Thumb Code     0  startup_s32k144.o(.text)
    DMA5_IRQHandler                          0x0000053d   Thumb Code     0  startup_s32k144.o(.text)
    DMA6_IRQHandler                          0x0000053d   Thumb Code     0  startup_s32k144.o(.text)
    DMA7_IRQHandler                          0x0000053d   Thumb Code     0  startup_s32k144.o(.text)
    DMA8_IRQHandler                          0x0000053d   Thumb Code     0  startup_s32k144.o(.text)
    DMA9_IRQHandler                          0x0000053d   Thumb Code     0  startup_s32k144.o(.text)
    DMA_Error_IRQHandler                     0x0000053d   Thumb Code     0  startup_s32k144.o(.text)
    ERM_double_fault_IRQHandler              0x0000053d   Thumb Code     0  startup_s32k144.o(.text)
    ERM_single_fault_IRQHandler              0x0000053d   Thumb Code     0  startup_s32k144.o(.text)
    FLEXIO_IRQHandler                        0x0000053d   Thumb Code     0  startup_s32k144.o(.text)
    FTFC_Fault_IRQHandler                    0x0000053d   Thumb Code     0  startup_s32k144.o(.text)
    FTFC_IRQHandler                          0x0000053d   Thumb Code     0  startup_s32k144.o(.text)
    FTM0_Ch0_Ch1_IRQHandler                  0x0000053d   Thumb Code     0  startup_s32k144.o(.text)
    FTM0_Ch2_Ch3_IRQHandler                  0x0000053d   Thumb Code     0  startup_s32k144.o(.text)
    FTM0_Ch4_Ch5_IRQHandler                  0x0000053d   Thumb Code     0  startup_s32k144.o(.text)
    FTM0_Ch6_Ch7_IRQHandler                  0x0000053d   Thumb Code     0  startup_s32k144.o(.text)
    FTM0_Fault_IRQHandler                    0x0000053d   Thumb Code     0  startup_s32k144.o(.text)
    FTM0_Ovf_Reload_IRQHandler               0x0000053d   Thumb Code     0  startup_s32k144.o(.text)
    FTM1_Ch0_Ch1_IRQHandler                  0x0000053d   Thumb Code     0  startup_s32k144.o(.text)
    FTM1_Ch2_Ch3_IRQHandler                  0x0000053d   Thumb Code     0  startup_s32k144.o(.text)
    FTM1_Ch4_Ch5_IRQHandler                  0x0000053d   Thumb Code     0  startup_s32k144.o(.text)
    FTM1_Ch6_Ch7_IRQHandler                  0x0000053d   Thumb Code     0  startup_s32k144.o(.text)
    FTM1_Fault_IRQHandler                    0x0000053d   Thumb Code     0  startup_s32k144.o(.text)
    FTM1_Ovf_Reload_IRQHandler               0x0000053d   Thumb Code     0  startup_s32k144.o(.text)
    FTM2_Ch0_Ch1_IRQHandler                  0x0000053d   Thumb Code     0  startup_s32k144.o(.text)
    FTM2_Ch2_Ch3_IRQHandler                  0x0000053d   Thumb Code     0  startup_s32k144.o(.text)
    FTM2_Ch4_Ch5_IRQHandler                  0x0000053d   Thumb Code     0  startup_s32k144.o(.text)
    FTM2_Ch6_Ch7_IRQHandler                  0x0000053d   Thumb Code     0  startup_s32k144.o(.text)
    FTM2_Fault_IRQHandler                    0x0000053d   Thumb Code     0  startup_s32k144.o(.text)
    FTM2_Ovf_Reload_IRQHandler               0x0000053d   Thumb Code     0  startup_s32k144.o(.text)
    FTM3_Ch0_Ch1_IRQHandler                  0x0000053d   Thumb Code     0  startup_s32k144.o(.text)
    FTM3_Ch2_Ch3_IRQHandler                  0x0000053d   Thumb Code     0  startup_s32k144.o(.text)
    FTM3_Ch4_Ch5_IRQHandler                  0x0000053d   Thumb Code     0  startup_s32k144.o(.text)
    FTM3_Ch6_Ch7_IRQHandler                  0x0000053d   Thumb Code     0  startup_s32k144.o(.text)
    FTM3_Fault_IRQHandler                    0x0000053d   Thumb Code     0  startup_s32k144.o(.text)
    FTM3_Ovf_Reload_IRQHandler               0x0000053d   Thumb Code     0  startup_s32k144.o(.text)
    LPI2C0_Master_IRQHandler                 0x0000053d   Thumb Code     0  startup_s32k144.o(.text)
    LPI2C0_Slave_IRQHandler                  0x0000053d   Thumb Code     0  startup_s32k144.o(.text)
    LPIT0_Ch0_IRQHandler                     0x0000053d   Thumb Code     0  startup_s32k144.o(.text)
    LPIT0_Ch1_IRQHandler                     0x0000053d   Thumb Code     0  startup_s32k144.o(.text)
    LPIT0_Ch2_IRQHandler                     0x0000053d   Thumb Code     0  startup_s32k144.o(.text)
    LPSPI0_IRQHandler                        0x0000053d   Thumb Code     0  startup_s32k144.o(.text)
    LPSPI1_IRQHandler                        0x0000053d   Thumb Code     0  startup_s32k144.o(.text)
    LPSPI2_IRQHandler                        0x0000053d   Thumb Code     0  startup_s32k144.o(.text)
    LPTMR0_IRQHandler                        0x0000053d   Thumb Code     0  startup_s32k144.o(.text)
    LPUART0_RxTx_IRQHandler                  0x0000053d   Thumb Code     0  startup_s32k144.o(.text)
    LPUART2_RxTx_IRQHandler                  0x0000053d   Thumb Code     0  startup_s32k144.o(.text)
    LVD_LVW_IRQHandler                       0x0000053d   Thumb Code     0  startup_s32k144.o(.text)
    MCM_IRQHandler                           0x0000053d   Thumb Code     0  startup_s32k144.o(.text)
    PDB0_IRQHandler                          0x0000053d   Thumb Code     0  startup_s32k144.o(.text)
    PDB1_IRQHandler                          0x0000053d   Thumb Code     0  startup_s32k144.o(.text)
    PORTA_IRQHandler                         0x0000053d   Thumb Code     0  startup_s32k144.o(.text)
    PORTB_IRQHandler                         0x0000053d   Thumb Code     0  startup_s32k144.o(.text)
    PORTD_IRQHandler                         0x0000053d   Thumb Code     0  startup_s32k144.o(.text)
    PORTE_IRQHandler                         0x0000053d   Thumb Code     0  startup_s32k144.o(.text)
    RCM_IRQHandler                           0x0000053d   Thumb Code     0  startup_s32k144.o(.text)
    RTC_IRQHandler                           0x0000053d   Thumb Code     0  startup_s32k144.o(.text)
    RTC_Seconds_IRQHandler                   0x0000053d   Thumb Code     0  startup_s32k144.o(.text)
    Read_Collision_IRQHandler                0x0000053d   Thumb Code     0  startup_s32k144.o(.text)
    Reserved100_IRQHandler                   0x0000053d   Thumb Code     0  startup_s32k144.o(.text)
    Reserved103_IRQHandler                   0x0000053d   Thumb Code     0  startup_s32k144.o(.text)
    Reserved105_IRQHandler                   0x0000053d   Thumb Code     0  startup_s32k144.o(.text)
    Reserved106_IRQHandler                   0x0000053d   Thumb Code     0  startup_s32k144.o(.text)
    Reserved107_IRQHandler                   0x0000053d   Thumb Code     0  startup_s32k144.o(.text)
    Reserved110_IRQHandler                   0x0000053d   Thumb Code     0  startup_s32k144.o(.text)
    Reserved112_IRQHandler                   0x0000053d   Thumb Code     0  startup_s32k144.o(.text)
    Reserved113_IRQHandler                   0x0000053d   Thumb Code     0  startup_s32k144.o(.text)
    Reserved114_IRQHandler                   0x0000053d   Thumb Code     0  startup_s32k144.o(.text)
    Reserved45_IRQHandler                    0x0000053d   Thumb Code     0  startup_s32k144.o(.text)
    Reserved46_IRQHandler                    0x0000053d   Thumb Code     0  startup_s32k144.o(.text)
    Reserved48_IRQHandler                    0x0000053d   Thumb Code     0  startup_s32k144.o(.text)
    Reserved50_IRQHandler                    0x0000053d   Thumb Code     0  startup_s32k144.o(.text)
    Reserved52_IRQHandler                    0x0000053d   Thumb Code     0  startup_s32k144.o(.text)
    Reserved53_IRQHandler                    0x0000053d   Thumb Code     0  startup_s32k144.o(.text)
    Reserved54_IRQHandler                    0x0000053d   Thumb Code     0  startup_s32k144.o(.text)
    Reserved58_IRQHandler                    0x0000053d   Thumb Code     0  startup_s32k144.o(.text)
    Reserved59_IRQHandler                    0x0000053d   Thumb Code     0  startup_s32k144.o(.text)
    Reserved69_IRQHandler                    0x0000053d   Thumb Code     0  startup_s32k144.o(.text)
    Reserved70_IRQHandler                    0x0000053d   Thumb Code     0  startup_s32k144.o(.text)
    Reserved71_IRQHandler                    0x0000053d   Thumb Code     0  startup_s32k144.o(.text)
    Reserved72_IRQHandler                    0x0000053d   Thumb Code     0  startup_s32k144.o(.text)
    Reserved81_IRQHandler                    0x0000053d   Thumb Code     0  startup_s32k144.o(.text)
    Reserved82_IRQHandler                    0x0000053d   Thumb Code     0  startup_s32k144.o(.text)
    Reserved83_IRQHandler                    0x0000053d   Thumb Code     0  startup_s32k144.o(.text)
    Reserved86_IRQHandler                    0x0000053d   Thumb Code     0  startup_s32k144.o(.text)
    Reserved87_IRQHandler                    0x0000053d   Thumb Code     0  startup_s32k144.o(.text)
    Reserved88_IRQHandler                    0x0000053d   Thumb Code     0  startup_s32k144.o(.text)
    Reserved89_IRQHandler                    0x0000053d   Thumb Code     0  startup_s32k144.o(.text)
    Reserved90_IRQHandler                    0x0000053d   Thumb Code     0  startup_s32k144.o(.text)
    Reserved91_IRQHandler                    0x0000053d   Thumb Code     0  startup_s32k144.o(.text)
    Reserved92_IRQHandler                    0x0000053d   Thumb Code     0  startup_s32k144.o(.text)
    Reserved93_IRQHandler                    0x0000053d   Thumb Code     0  startup_s32k144.o(.text)
    Reserved99_IRQHandler                    0x0000053d   Thumb Code     0  startup_s32k144.o(.text)
    SCG_IRQHandler                           0x0000053d   Thumb Code     0  startup_s32k144.o(.text)
    SWI_IRQHandler                           0x0000053d   Thumb Code     0  startup_s32k144.o(.text)
    WDOG_EWM_IRQHandler                      0x0000053d   Thumb Code     0  startup_s32k144.o(.text)
    exit                                     0x00000555   Thumb Code    18  exit.o(.text)
    __I$use$semihosting                      0x00000567   Thumb Code     0  use_no_semi.o(.text)
    __use_no_semihosting_swi                 0x00000567   Thumb Code     2  use_no_semi.o(.text)
    __semihosting_library_function           0x00000569   Thumb Code     0  indicate_semi.o(.text)
    _sys_exit                                0x00000569   Thumb Code     8  sys_exit.o(.text)
    ADC0_IRQHandler                          0x00000575   Thumb Code    30  main.o(.text.ADC0_IRQHandler)
    Check_Date_Format                        0x00000595   Thumb Code    44  uart_processing.o(.text.Check_Date_Format)
    Check_Format_Setting_Date                0x000005c1   Thumb Code   384  string.o(.text.Check_Format_Setting_Date)
    Check_Format_Setting_Time                0x00000741   Thumb Code   326  string.o(.text.Check_Format_Setting_Time)
    Check_Time_Format                        0x00000889   Thumb Code    44  uart_processing.o(.text.Check_Time_Format)
    Clock_SetPccConfig                       0x000008b5   Thumb Code   104  clock.o(.text.Clock_SetPccConfig)
    Clock_SetScgFircConfig                   0x0000091d   Thumb Code    54  clock.o(.text.Clock_SetScgFircConfig)
    Clock_SetScgSoscConfig                   0x00000955   Thumb Code    96  clock.o(.text.Clock_SetScgSoscConfig)
    Config_System                            0x00000d01   Thumb Code    32  config.o(.text.Config_System)
    Control_Intensity                        0x00000d95   Thumb Code    48  max7219.o(.text.Control_Intensity)
    Date                                     0x00000dc5   Thumb Code   118  processdatetime.o(.text.Date)
    Display_Date                             0x00000e3d   Thumb Code   264  max7219.o(.text.Display_Date)
    Display_Time                             0x00000f45   Thumb Code   192  max7219.o(.text.Display_Time)
    GPIO_Init                                0x00001005   Thumb Code    76  gpio.o(.text.GPIO_Init)
    Init_MAX7219                             0x00001051   Thumb Code    44  max7219.o(.text.Init_MAX7219)
    LPIT0_Ch3_IRQHandler                     0x0000107d   Thumb Code   338  main.o(.text.LPIT0_Ch3_IRQHandler)
    LPUART1_RxTx_IRQHandler                  0x000011d1   Thumb Code   424  main.o(.text.LPUART1_RxTx_IRQHandler)
    Lpit_Clear_Interrupt_Flag                0x00001379   Thumb Code    60  lpit.o(.text.Lpit_Clear_Interrupt_Flag)
    Lpit_Init                                0x000013b5   Thumb Code    26  lpit.o(.text.Lpit_Init)
    Lpit_InitChannel                         0x000013d1   Thumb Code   146  lpit.o(.text.Lpit_InitChannel)
    Lpit_StartChannel                        0x00001465   Thumb Code    58  lpit.o(.text.Lpit_StartChannel)
    Lpspi_Init                               0x000014a1   Thumb Code   226  lpspi.o(.text.Lpspi_Init)
    Lpspi_Transmit                           0x00001585   Thumb Code    66  lpspi.o(.text.Lpspi_Transmit)
    Lpuart_Init                              0x000015c9   Thumb Code   314  lpuart.o(.text.Lpuart_Init)
    Lpuart_Receive                           0x00001705   Thumb Code    18  lpuart.o(.text.Lpuart_Receive)
    Lpuart_Transmit                          0x00001719   Thumb Code    68  lpuart.o(.text.Lpuart_Transmit)
    NVIC_EnableInterrupt                     0x0000175d   Thumb Code    38  nvic.o(.text.NVIC_EnableInterrupt)
    NVIC_SetPriority                         0x00001785   Thumb Code   126  nvic.o(.text.NVIC_SetPriority)
    PORTC_IRQHandler                         0x00001805   Thumb Code   150  main.o(.text.PORTC_IRQHandler)
    Port_Init                                0x0000189d   Thumb Code   338  port.o(.text.Port_Init)
    SystemInit                               0x000019f1   Thumb Code    82  system_s32k144.o(.text.SystemInit)
    Time                                     0x00001a45   Thumb Code   134  processdatetime.o(.text.Time)
    Turn_Off_Display                         0x00001acd   Thumb Code    34  max7219.o(.text.Turn_Off_Display)
    Turn_On_Display                          0x00001af1   Thumb Code    34  max7219.o(.text.Turn_On_Display)
    Update_Date                              0x00001b15   Thumb Code   104  uart_processing.o(.text.Update_Date)
    Update_Time                              0x00001b7d   Thumb Code   104  uart_processing.o(.text.Update_Time)
    init_data_bss                            0x00001c91   Thumb Code   160  startup.o(.text.init_data_bss)
    main                                     0x00001dad   Thumb Code    20  main.o(.text.main)
    my_atouchar                              0x00001dc1   Thumb Code    98  string.o(.text.my_atouchar)
    my_atoushort                             0x00001e25   Thumb Code    98  string.o(.text.my_atoushort)
    my_strchr                                0x00001ebd   Thumb Code    60  string.o(.text.my_strchr)
    my_strcpy                                0x00001ef9   Thumb Code    48  string.o(.text.my_strcpy)
    my_strlen                                0x00001f29   Thumb Code    54  string.o(.text.my_strlen)
    my_strtok                                0x00001f61   Thumb Code   250  string.o(.text.my_strtok)
    print_Output                             0x0000205d   Thumb Code    44  uart_processing.o(.text.print_Output)
    process_setting                          0x00002089   Thumb Code    84  uart_processing.o(.text.process_setting)
    receive_data                             0x000020dd   Thumb Code    74  uart_processing.o(.text.receive_data)
    reset_data                               0x00002129   Thumb Code    50  uart_processing.o(.text.reset_data)
    reset_received_data                      0x0000215d   Thumb Code    16  uart_processing.o(.text.reset_received_data)
    stringcompare                            0x0000216d   Thumb Code   128  string.o(.text.stringcompare)
    _fp_init                                 0x000021ed   Thumb Code    26  fpinit.o(x$fpl$fpinit)
    __fplib_config_fpu_vfp                   0x00002205   Thumb Code     0  fpinit.o(x$fpl$fpinit)
    __fplib_config_pureend_doubles           0x00002205   Thumb Code     0  fpinit.o(x$fpl$fpinit)
    Region$$Table$$Base                      0x00002208   Number         0  anon$$obj.o(Region$$Table)
    Image$$ER_m_text$$Limit                  0x00002228   Number         0  anon$$obj.o ABSOLUTE
    Region$$Table$$Limit                     0x00002228   Number         0  anon$$obj.o(Region$$Table)
    Image$$VECTOR_RAM$$Base                  0x1fff8000   Number         0  anon$$obj.o ABSOLUTE
    Date_Format_Str                          0x1fff8400   Data          40  main.o(.data.Date_Format_Str)
    Image$$RW_m_data$$Base                   0x1fff8400   Number         0  anon$$obj.o ABSOLUTE
    Date_Updated_Str                         0x1fff8428   Data          20  main.o(.data.Date_Updated_Str)
    Error_String                             0x1fff843c   Data          20  main.o(.data.Error_String)
    Time_Format_Str                          0x1fff847a   Data          40  main.o(.data.Time_Format_Str)
    Time_Updated_Str                         0x1fff84a2   Data          20  main.o(.data.Time_Updated_Str)
    day                                      0x1fff84b6   Data           1  main.o(.data.day)
    month                                    0x1fff84b7   Data           1  main.o(.data.month)
    year                                     0x1fff84b8   Data           2  main.o(.data.year)
    Image$$RW_m_code$$Base                   0x1fff84bc   Number         0  anon$$obj.o ABSOLUTE
    Image$$RW_m_code$$Limit                  0x1fff84bc   Number         0  anon$$obj.o ABSOLUTE
    Image$$RW_m_data$$Limit                  0x1fff84bc   Number         0  anon$$obj.o ABSOLUTE
    ADC_Value                                0x20000000   Data           2  main.o(.bss.ADC_Value)
    Image$$RW_m_custom_section$$Base         0x20000000   Number         0  anon$$obj.o ABSOLUTE
    Image$$RW_m_custom_section$$Limit        0x20000000   Number         0  anon$$obj.o ABSOLUTE
    Image$$RW_m_data_2$$ZI$$Base             0x20000000   Number         0  anon$$obj.o ABSOLUTE
    hour                                     0x200000d9   Data           1  main.o(.bss.hour)
    minute                                   0x200000e0   Data           1  main.o(.bss.minute)
    second                                   0x20000104   Data           1  main.o(.bss.second)
    Image$$ARM_LIB_HEAP$$ZI$$Base            0x2000010c   Number         0  anon$$obj.o ABSOLUTE
    Image$$RW_m_data_2$$ZI$$Limit            0x2000010c   Number         0  anon$$obj.o ABSOLUTE
    Image$$ARM_LIB_HEAP$$ZI$$Limit           0x2000050c   Number         0  anon$$obj.o ABSOLUTE
    Image$$ARM_LIB_STACK$$Limit              0x20006c00   Number         0  anon$$obj.o ABSOLUTE
    Image$$ARM_LIB_STACK$$ZI$$Limit          0x20007000   Number         0  anon$$obj.o ABSOLUTE



==============================================================================

Memory Map of the image

  Image Entry point : 0x00000419

  Load Region LR_m_text (Base: 0x00000000, Size: 0x000022e4, Max: 0x00080000, ABSOLUTE)

    Execution Region VECTOR_ROM (Exec base: 0x00000000, Load base: 0x00000000, Size: 0x00000230, Max: 0x00000400, ABSOLUTE)

    Exec Addr    Load Addr    Size         Type   Attr      Idx    E Section Name        Object

    0x00000000   0x00000000   0x00000230   Data   RO          321    RESET               startup_s32k144.o


    Execution Region ER_m_flash_config (Exec base: 0x00000400, Load base: 0x00000400, Size: 0x00000010, Max: 0x00000010, ABSOLUTE, FIXED)

    Exec Addr    Load Addr    Size         Type   Attr      Idx    E Section Name        Object

    0x00000400   0x00000400   0x00000010   Data   RO          322    FlashConfig         startup_s32k144.o


    Execution Region ER_m_text_const (Exec base: 0x00000410, Load base: 0x00000410, Size: 0x00000008, Max: 0xffffffff, ABSOLUTE)

    Exec Addr    Load Addr    Size         Type   Attr      Idx    E Section Name        Object

    0x00000410   0x00000410   0x00000004   Data   RO          314    .rodata.s_vectors   startup.o
    0x00000414   0x00000414   0x00000004   Data   RO          304    .rodata.str1.1      uart_processing.o


    Execution Region ER_m_text (Exec base: 0x00000418, Load base: 0x00000418, Size: 0x00001e10, Max: 0x0007fbf0, ABSOLUTE)

    Exec Addr    Load Addr    Size         Type   Attr      Idx    E Section Name        Object

    0x00000418   0x00000418   0x00000008   Code   RO          345  * !!!main             c_w.l(__main.o)
    0x00000420   0x00000420   0x00000034   Code   RO          523    !!!scatter          c_w.l(__scatter.o)
    0x00000454   0x00000454   0x0000001a   Code   RO          525    !!handler_copy      c_w.l(__scatter_copy.o)
    0x0000046e   0x0000046e   0x00000002   PAD
    0x00000470   0x00000470   0x0000001c   Code   RO          527    !!handler_zi        c_w.l(__scatter_zi.o)
    0x0000048c   0x0000048c   0x00000002   Code   RO          377    .ARM.Collect$$libinit$$00000000  c_w.l(libinit.o)
    0x0000048e   0x0000048e   0x00000004   Code   RO          387    .ARM.Collect$$libinit$$00000001  c_w.l(libinit2.o)
    0x00000492   0x00000492   0x00000000   Code   RO          390    .ARM.Collect$$libinit$$00000004  c_w.l(libinit2.o)
    0x00000492   0x00000492   0x00000000   Code   RO          392    .ARM.Collect$$libinit$$00000006  c_w.l(libinit2.o)
    0x00000492   0x00000492   0x00000000   Code   RO          395    .ARM.Collect$$libinit$$0000000C  c_w.l(libinit2.o)
    0x00000492   0x00000492   0x00000000   Code   RO          397    .ARM.Collect$$libinit$$0000000E  c_w.l(libinit2.o)
    0x00000492   0x00000492   0x00000000   Code   RO          399    .ARM.Collect$$libinit$$00000010  c_w.l(libinit2.o)
    0x00000492   0x00000492   0x00000000   Code   RO          402    .ARM.Collect$$libinit$$00000013  c_w.l(libinit2.o)
    0x00000492   0x00000492   0x00000000   Code   RO          404    .ARM.Collect$$libinit$$00000015  c_w.l(libinit2.o)
    0x00000492   0x00000492   0x00000000   Code   RO          406    .ARM.Collect$$libinit$$00000017  c_w.l(libinit2.o)
    0x00000492   0x00000492   0x00000000   Code   RO          408    .ARM.Collect$$libinit$$00000019  c_w.l(libinit2.o)
    0x00000492   0x00000492   0x00000000   Code   RO          410    .ARM.Collect$$libinit$$0000001B  c_w.l(libinit2.o)
    0x00000492   0x00000492   0x00000000   Code   RO          412    .ARM.Collect$$libinit$$0000001D  c_w.l(libinit2.o)
    0x00000492   0x00000492   0x00000000   Code   RO          414    .ARM.Collect$$libinit$$0000001F  c_w.l(libinit2.o)
    0x00000492   0x00000492   0x00000000   Code   RO          416    .ARM.Collect$$libinit$$00000021  c_w.l(libinit2.o)
    0x00000492   0x00000492   0x00000000   Code   RO          418    .ARM.Collect$$libinit$$00000023  c_w.l(libinit2.o)
    0x00000492   0x00000492   0x00000000   Code   RO          420    .ARM.Collect$$libinit$$00000025  c_w.l(libinit2.o)
    0x00000492   0x00000492   0x00000000   Code   RO          422    .ARM.Collect$$libinit$$00000027  c_w.l(libinit2.o)
    0x00000492   0x00000492   0x00000000   Code   RO          426    .ARM.Collect$$libinit$$0000002E  c_w.l(libinit2.o)
    0x00000492   0x00000492   0x00000000   Code   RO          428    .ARM.Collect$$libinit$$00000030  c_w.l(libinit2.o)
    0x00000492   0x00000492   0x00000000   Code   RO          430    .ARM.Collect$$libinit$$00000032  c_w.l(libinit2.o)
    0x00000492   0x00000492   0x00000000   Code   RO          432    .ARM.Collect$$libinit$$00000034  c_w.l(libinit2.o)
    0x00000492   0x00000492   0x00000002   Code   RO          433    .ARM.Collect$$libinit$$00000035  c_w.l(libinit2.o)
    0x00000494   0x00000494   0x00000002   Code   RO          462    .ARM.Collect$$libshutdown$$00000000  c_w.l(libshutdown.o)
    0x00000496   0x00000496   0x00000000   Code   RO          474    .ARM.Collect$$libshutdown$$00000002  c_w.l(libshutdown2.o)
    0x00000496   0x00000496   0x00000000   Code   RO          476    .ARM.Collect$$libshutdown$$00000004  c_w.l(libshutdown2.o)
    0x00000496   0x00000496   0x00000000   Code   RO          479    .ARM.Collect$$libshutdown$$00000007  c_w.l(libshutdown2.o)
    0x00000496   0x00000496   0x00000000   Code   RO          482    .ARM.Collect$$libshutdown$$0000000A  c_w.l(libshutdown2.o)
    0x00000496   0x00000496   0x00000000   Code   RO          484    .ARM.Collect$$libshutdown$$0000000C  c_w.l(libshutdown2.o)
    0x00000496   0x00000496   0x00000000   Code   RO          487    .ARM.Collect$$libshutdown$$0000000F  c_w.l(libshutdown2.o)
    0x00000496   0x00000496   0x00000002   Code   RO          488    .ARM.Collect$$libshutdown$$00000010  c_w.l(libshutdown2.o)
    0x00000498   0x00000498   0x00000000   Code   RO          347    .ARM.Collect$$rtentry$$00000000  c_w.l(__rtentry.o)
    0x00000498   0x00000498   0x00000000   Code   RO          349    .ARM.Collect$$rtentry$$00000002  c_w.l(__rtentry2.o)
    0x00000498   0x00000498   0x00000004   Code   RO          363    .ARM.Collect$$rtentry$$00000007  c_w.l(__rtentry7.o)
    0x0000049c   0x0000049c   0x00000000   Code   RO          351    .ARM.Collect$$rtentry$$00000009  c_w.l(__rtentry2.o)
    0x0000049c   0x0000049c   0x00000004   Code   RO          352    .ARM.Collect$$rtentry$$0000000A  c_w.l(__rtentry2.o)
    0x000004a0   0x000004a0   0x00000000   Code   RO          354    .ARM.Collect$$rtentry$$0000000C  c_w.l(__rtentry2.o)
    0x000004a0   0x000004a0   0x00000008   Code   RO          355    .ARM.Collect$$rtentry$$0000000D  c_w.l(__rtentry2.o)
    0x000004a8   0x000004a8   0x00000004   Code   RO          364    .ARM.Collect$$rtentry$$00002718  c_w.l(__rtentry7.o)
    0x000004ac   0x000004ac   0x00000002   Code   RO          385    .ARM.Collect$$rtexit$$00000000  c_w.l(rtexit.o)
    0x000004ae   0x000004ae   0x00000000   Code   RO          442    .ARM.Collect$$rtexit$$00000002  c_w.l(rtexit2.o)
    0x000004ae   0x000004ae   0x00000004   Code   RO          443    .ARM.Collect$$rtexit$$00000003  c_w.l(rtexit2.o)
    0x000004b2   0x000004b2   0x00000006   Code   RO          444    .ARM.Collect$$rtexit$$00000004  c_w.l(rtexit2.o)
    0x000004b8   0x000004b8   0x0000009c   Code   RO          320    .text               startup_s32k144.o
    0x00000554   0x00000554   0x00000012   Code   RO          370    .text               c_w.l(exit.o)
    0x00000566   0x00000566   0x00000002   Code   RO          438    .text               c_w.l(use_no_semi.o)
    0x00000568   0x00000568   0x00000000   Code   RO          440    .text               c_w.l(indicate_semi.o)
    0x00000568   0x00000568   0x0000000c   Code   RO          452    .text               c_w.l(sys_exit.o)
    0x00000574   0x00000574   0x0000001e   Code   RO           13    .text.ADC0_IRQHandler  main.o
    0x00000592   0x00000592   0x00000002   PAD
    0x00000594   0x00000594   0x0000002c   Code   RO          291    .text.Check_Date_Format  uart_processing.o
    0x000005c0   0x000005c0   0x00000180   Code   RO          265    .text.Check_Format_Setting_Date  string.o
    0x00000740   0x00000740   0x00000146   Code   RO          261    .text.Check_Format_Setting_Time  string.o
    0x00000886   0x00000886   0x00000002   PAD
    0x00000888   0x00000888   0x0000002c   Code   RO          293    .text.Check_Time_Format  uart_processing.o
    0x000008b4   0x000008b4   0x00000068   Code   RO           41    .text.Clock_SetPccConfig  clock.o
    0x0000091c   0x0000091c   0x00000036   Code   RO           43    .text.Clock_SetScgFircConfig  clock.o
    0x00000952   0x00000952   0x00000002   PAD
    0x00000954   0x00000954   0x00000060   Code   RO           47    .text.Clock_SetScgSoscConfig  clock.o
    0x000009b4   0x000009b4   0x000000d0   Code   RO          185    .text.Config_ADC    config.o
    0x00000a84   0x00000a84   0x0000006e   Code   RO          183    .text.Config_Buttons  config.o
    0x00000af2   0x00000af2   0x00000002   PAD
    0x00000af4   0x00000af4   0x000000e6   Code   RO          173    .text.Config_Clock  config.o
    0x00000bda   0x00000bda   0x00000002   PAD
    0x00000bdc   0x00000bdc   0x00000030   Code   RO          177    .text.Config_LPIT   config.o
    0x00000c0c   0x00000c0c   0x00000048   Code   RO          175    .text.Config_NVIC   config.o
    0x00000c54   0x00000c54   0x000000aa   Code   RO          181    .text.Config_SPI    config.o
    0x00000cfe   0x00000cfe   0x00000002   PAD
    0x00000d00   0x00000d00   0x00000020   Code   RO          171    .text.Config_System  config.o
    0x00000d20   0x00000d20   0x00000072   Code   RO          179    .text.Config_UART_1  config.o
    0x00000d92   0x00000d92   0x00000002   PAD
    0x00000d94   0x00000d94   0x00000030   Code   RO          222    .text.Control_Intensity  max7219.o
    0x00000dc4   0x00000dc4   0x00000076   Code   RO          236    .text.Date          processdatetime.o
    0x00000e3a   0x00000e3a   0x00000002   PAD
    0x00000e3c   0x00000e3c   0x00000108   Code   RO          220    .text.Display_Date  max7219.o
    0x00000f44   0x00000f44   0x000000c0   Code   RO          218    .text.Display_Time  max7219.o
    0x00001004   0x00001004   0x0000004c   Code   RO           60    .text.GPIO_Init     gpio.o
    0x00001050   0x00001050   0x0000002c   Code   RO          216    .text.Init_MAX7219  max7219.o
    0x0000107c   0x0000107c   0x00000152   Code   RO           11    .text.LPIT0_Ch3_IRQHandler  main.o
    0x000011ce   0x000011ce   0x00000002   PAD
    0x000011d0   0x000011d0   0x000001a8   Code   RO            9    .text.LPUART1_RxTx_IRQHandler  main.o
    0x00001378   0x00001378   0x0000003c   Code   RO          138    .text.Lpit_Clear_Interrupt_Flag  lpit.o
    0x000013b4   0x000013b4   0x0000001a   Code   RO          128    .text.Lpit_Init     lpit.o
    0x000013ce   0x000013ce   0x00000002   PAD
    0x000013d0   0x000013d0   0x00000092   Code   RO          130    .text.Lpit_InitChannel  lpit.o
    0x00001462   0x00001462   0x00000002   PAD
    0x00001464   0x00001464   0x0000003a   Code   RO          132    .text.Lpit_StartChannel  lpit.o
    0x0000149e   0x0000149e   0x00000002   PAD
    0x000014a0   0x000014a0   0x000000e2   Code   RO          147    .text.Lpspi_Init    lpspi.o
    0x00001582   0x00001582   0x00000002   PAD
    0x00001584   0x00001584   0x00000042   Code   RO          149    .text.Lpspi_Transmit  lpspi.o
    0x000015c6   0x000015c6   0x00000002   PAD
    0x000015c8   0x000015c8   0x0000013a   Code   RO          158    .text.Lpuart_Init   lpuart.o
    0x00001702   0x00001702   0x00000002   PAD
    0x00001704   0x00001704   0x00000012   Code   RO          162    .text.Lpuart_Receive  lpuart.o
    0x00001716   0x00001716   0x00000002   PAD
    0x00001718   0x00001718   0x00000044   Code   RO          160    .text.Lpuart_Transmit  lpuart.o
    0x0000175c   0x0000175c   0x00000026   Code   RO           79    .text.NVIC_EnableInterrupt  nvic.o
    0x00001782   0x00001782   0x00000002   PAD
    0x00001784   0x00001784   0x0000007e   Code   RO           89    .text.NVIC_SetPriority  nvic.o
    0x00001802   0x00001802   0x00000002   PAD
    0x00001804   0x00001804   0x00000096   Code   RO            7    .text.PORTC_IRQHandler  main.o
    0x0000189a   0x0000189a   0x00000002   PAD
    0x0000189c   0x0000189c   0x00000152   Code   RO          101    .text.Port_Init     port.o
    0x000019ee   0x000019ee   0x00000002   PAD
    0x000019f0   0x000019f0   0x00000052   Code   RO          329    .text.SystemInit    system_s32k144.o
    0x00001a42   0x00001a42   0x00000002   PAD
    0x00001a44   0x00001a44   0x00000086   Code   RO          240    .text.Time          processdatetime.o
    0x00001aca   0x00001aca   0x00000002   PAD
    0x00001acc   0x00001acc   0x00000022   Code   RO          224    .text.Turn_Off_Display  max7219.o
    0x00001aee   0x00001aee   0x00000002   PAD
    0x00001af0   0x00001af0   0x00000022   Code   RO          226    .text.Turn_On_Display  max7219.o
    0x00001b12   0x00001b12   0x00000002   PAD
    0x00001b14   0x00001b14   0x00000068   Code   RO          295    .text.Update_Date   uart_processing.o
    0x00001b7c   0x00001b7c   0x00000068   Code   RO          297    .text.Update_Time   uart_processing.o
    0x00001be4   0x00001be4   0x000000aa   Code   RO          238    .text.days_in_month  processdatetime.o
    0x00001c8e   0x00001c8e   0x00000002   PAD
    0x00001c90   0x00001c90   0x000000a0   Code   RO          312    .text.init_data_bss  startup.o
    0x00001d30   0x00001d30   0x0000007c   Code   RO          242    .text.is_leap_year  processdatetime.o
    0x00001dac   0x00001dac   0x00000014   Code   RO            5    .text.main          main.o
    0x00001dc0   0x00001dc0   0x00000062   Code   RO          267    .text.my_atouchar   string.o
    0x00001e22   0x00001e22   0x00000002   PAD
    0x00001e24   0x00001e24   0x00000062   Code   RO          269    .text.my_atoushort  string.o
    0x00001e86   0x00001e86   0x00000002   PAD
    0x00001e88   0x00001e88   0x00000032   Code   RO          263    .text.my_isdigit    string.o
    0x00001eba   0x00001eba   0x00000002   PAD
    0x00001ebc   0x00001ebc   0x0000003c   Code   RO          257    .text.my_strchr     string.o
    0x00001ef8   0x00001ef8   0x00000030   Code   RO          253    .text.my_strcpy     string.o
    0x00001f28   0x00001f28   0x00000036   Code   RO          251    .text.my_strlen     string.o
    0x00001f5e   0x00001f5e   0x00000002   PAD
    0x00001f60   0x00001f60   0x000000fa   Code   RO          271    .text.my_strtok     string.o
    0x0000205a   0x0000205a   0x00000002   PAD
    0x0000205c   0x0000205c   0x0000002c   Code   RO          287    .text.print_Output  uart_processing.o
    0x00002088   0x00002088   0x00000054   Code   RO          289    .text.process_setting  uart_processing.o
    0x000020dc   0x000020dc   0x0000004a   Code   RO          281    .text.receive_data  uart_processing.o
    0x00002126   0x00002126   0x00000002   PAD
    0x00002128   0x00002128   0x00000032   Code   RO          283    .text.reset_data    uart_processing.o
    0x0000215a   0x0000215a   0x00000002   PAD
    0x0000215c   0x0000215c   0x00000010   Code   RO          285    .text.reset_received_data  uart_processing.o
    0x0000216c   0x0000216c   0x00000080   Code   RO          259    .text.stringcompare  string.o
    0x000021ec   0x000021ec   0x0000001a   Code   RO          450    x$fpl$fpinit        fz_wm.l(fpinit.o)
    0x00002206   0x00002206   0x00000002   PAD
    0x00002208   0x00002208   0x00000020   Data   RO          522    Region$$Table       anon$$obj.o


    Execution Region VECTOR_RAM (Exec base: 0x1fff8000, Load base: 0x00000230, Size: 0x00000400, Max: 0x00000400, ABSOLUTE)

    Exec Addr    Load Addr    Size         Type   Attr      Idx    E Section Name        Object

    0x1fff8000        -       0x00000400   Zero   RW            1    VECTOR_RAM.bss      anon$$obj.o


    Execution Region RW_m_data (Exec base: 0x1fff8400, Load base: 0x00002228, Size: 0x000000bc, Max: 0xffffffff, ABSOLUTE)

    Exec Addr    Load Addr    Size         Type   Attr      Idx    E Section Name        Object

    0x1fff8400   0x00002228   0x00000028   Data   RW           25    .data.Date_Format_Str  main.o
    0x1fff8428   0x00002250   0x00000014   Data   RW           22    .data.Date_Updated_Str  main.o
    0x1fff843c   0x00002264   0x00000014   Data   RW           21    .data.Error_String  main.o
    0x1fff8450   0x00002278   0x00000014   Data   RW          302    .data.Setting_Date_String  uart_processing.o
    0x1fff8464   0x0000228c   0x00000014   Data   RW          303    .data.Setting_Time_String  uart_processing.o
    0x1fff8478   0x000022a0   0x00000001   Data   RW           26    .data.State_Button1  main.o
    0x1fff8479   0x000022a1   0x00000001   Data   RW           27    .data.State_Button2  main.o
    0x1fff847a   0x000022a2   0x00000028   Data   RW           24    .data.Time_Format_Str  main.o
    0x1fff84a2   0x000022ca   0x00000014   Data   RW           23    .data.Time_Updated_Str  main.o
    0x1fff84b6   0x000022de   0x00000001   Data   RW           18    .data.day           main.o
    0x1fff84b7   0x000022df   0x00000001   Data   RW           19    .data.month         main.o
    0x1fff84b8   0x000022e0   0x00000002   Data   RW           20    .data.year          main.o


    Execution Region RW_m_code (Exec base: 0x1fff84bc, Load base: 0x000022e4, Size: 0x00000000, Max: 0x00007c00, ABSOLUTE)

    **** No section assigned to this execution region ****


    Execution Region RW_m_custom_section (Exec base: 0x20000000, Load base: 0x000022e4, Size: 0x00000000, Max: 0xffffffff, ABSOLUTE)

    **** No section assigned to this execution region ****


    Execution Region RW_m_data_2 (Exec base: 0x20000000, Load base: 0x000022e4, Size: 0x0000010c, Max: 0x00006800, ABSOLUTE)

    Exec Addr    Load Addr    Size         Type   Attr      Idx    E Section Name        Object

    0x20000000        -       0x00000002   Zero   RW           32    .bss.ADC_Value      main.o
    0x20000002        -       0x00000002   Zero   RW          187    .bss.ConfigFIRC     config.o
    0x20000004        -       0x00000003   Zero   RW          195    .bss.ConfigLPIT     config.o
    0x20000007   0x000022e4   0x00000001   PAD
    0x20000008        -       0x00000008   Zero   RW          197    .bss.ConfigLPIT_CH3  config.o
    0x20000010        -       0x00000002   Zero   RW          188    .bss.ConfigSOSC     config.o
    0x20000012   0x000022e4   0x00000002   PAD
    0x20000014        -       0x00000024   Zero   RW          205    .bss.ConfigSPI1     config.o
    0x20000038        -       0x00000014   Zero   RW          200    .bss.ConfigUART     config.o
    0x2000004c        -       0x00000003   Zero   RW          196    .bss.PCC_ADC0       config.o
    0x2000004f        -       0x00000003   Zero   RW          194    .bss.PCC_LPSPI1     config.o
    0x20000052        -       0x00000003   Zero   RW          191    .bss.PCC_PORTB      config.o
    0x20000055        -       0x00000003   Zero   RW          189    .bss.PCC_PORTC      config.o
    0x20000058        -       0x00000003   Zero   RW          190    .bss.PCC_PORTD      config.o
    0x2000005b        -       0x00000003   Zero   RW          192    .bss.PCC_UART0      config.o
    0x2000005e        -       0x00000003   Zero   RW          193    .bss.PCC_UART1      config.o
    0x20000061   0x000022e4   0x00000003   PAD
    0x20000064        -       0x0000000c   Zero   RW          201    .bss.PORTB_Pin14    config.o
    0x20000070        -       0x0000000c   Zero   RW          202    .bss.PORTB_Pin15    config.o
    0x2000007c        -       0x0000000c   Zero   RW          203    .bss.PORTB_Pin16    config.o
    0x20000088        -       0x0000000c   Zero   RW          204    .bss.PORTB_Pin17    config.o
    0x20000094        -       0x0000000c   Zero   RW          206    .bss.PORTC_Pin12    config.o
    0x200000a0        -       0x0000000c   Zero   RW          207    .bss.PORTC_Pin13    config.o
    0x200000ac        -       0x0000000c   Zero   RW          208    .bss.PORTC_Pin14    config.o
    0x200000b8        -       0x0000000c   Zero   RW          198    .bss.PORTC_Pin6     config.o
    0x200000c4        -       0x0000000c   Zero   RW          199    .bss.PORTC_Pin7     config.o
    0x200000d0        -       0x00000004   Zero   RW          104    .bss.Port_Init.regValue  port.o
    0x200000d4        -       0x00000001   Zero   RW          103    .bss.Port_Init.ret  port.o
    0x200000d5        -       0x00000001   Zero   RW           31    .bss.State_Display  main.o
    0x200000d6        -       0x00000001   Zero   RW           29    .bss.State_Set      main.o
    0x200000d7        -       0x00000001   Zero   RW           30    .bss.count          main.o
    0x200000d8        -       0x00000001   Zero   RW          300    .bss.count_input_data  uart_processing.o
    0x200000d9        -       0x00000001   Zero   RW           17    .bss.hour           main.o
    0x200000da        -       0x00000001   Zero   RW           28    .bss.input_complete  main.o
    0x200000db   0x000022e4   0x00000001   PAD
    0x200000dc        -       0x00000004   Zero   RW           93    .bss.mask           nvic.o
    0x200000e0        -       0x00000001   Zero   RW           16    .bss.minute         main.o
    0x200000e1   0x000022e4   0x00000003   PAD
    0x200000e4        -       0x00000004   Zero   RW          273    .bss.my_strtok.nextToken  string.o
    0x200000e8        -       0x00000001   Zero   RW           91    .bss.offset         nvic.o
    0x200000e9   0x000022e4   0x00000003   PAD
    0x200000ec        -       0x00000004   Zero   RW          301    .bss.print_Output.length  uart_processing.o
    0x200000f0        -       0x00000014   Zero   RW          299    .bss.received_data  uart_processing.o
    0x20000104        -       0x00000001   Zero   RW           15    .bss.second         main.o
    0x20000105   0x000022e4   0x00000003   PAD
    0x20000108        -       0x00000004   Zero   RW           92    .bss.shiftAmount    nvic.o


    Execution Region ARM_LIB_HEAP (Exec base: 0x2000010c, Load base: 0x000022e4, Size: 0x00000400, Max: 0x00000400, ABSOLUTE)

    Exec Addr    Load Addr    Size         Type   Attr      Idx    E Section Name        Object

    0x2000010c        -       0x00000400   Zero   RW            2    ARM_LIB_HEAP.bss    anon$$obj.o


    Execution Region ARM_LIB_STACK (Exec base: 0x20006c00, Load base: 0x000022e4, Size: 0x00000400, Max: 0x00000400, ABSOLUTE)

    Exec Addr    Load Addr    Size         Type   Attr      Idx    E Section Name        Object

    0x20006c00        -       0x00000400   Zero   RW            3    ARM_LIB_STACK.bss   anon$$obj.o


==============================================================================

Image component sizes


      Code (inc. data)   RO Data    RW Data    ZI Data      Debug   Object Name

       254          0          0          0          0       4802   clock.o
       984          0          0          0        200      10415   config.o
        76          0          0          0          0       1559   gpio.o
       290          0          0          0          0       1899   lpit.o
       292          0          0          0          0       2783   lpspi.o
       400          0          0          0          0       3225   lpuart.o
       962          0          0        146          9       2329   main.o
       616          0          0          0          0       2155   max7219.o
       164          0          0          0          9       4378   nvic.o
       338          0          0          0          5       1910   port.o
       546          0          0          0          0       1170   processdatetime.o
       160          0          4          0          0       1096   startup.o
       156        106        576          0          0        952   startup_s32k144.o
      1496          0          0          0          4       3773   string.o
        82          0          0          0          0       2865   system_s32k144.o
       564          0          4         40         25       2600   uart_processing.o

    ----------------------------------------------------------------------
      7444        106        616        188       3340      47911   Object Totals
         0          0         32          0       3072          0   (incl. Generated)
        64          0          0          2         16          0   (incl. Padding)

    ----------------------------------------------------------------------

      Code (inc. data)   RO Data    RW Data    ZI Data      Debug   Library Member Name

         8          0          0          0          0         68   __main.o
         0          0          0          0          0          0   __rtentry.o
        12          0          0          0          0          0   __rtentry2.o
         8          4          0          0          0          0   __rtentry7.o
        52          8          0          0          0          0   __scatter.o
        26          0          0          0          0          0   __scatter_copy.o
        28          0          0          0          0          0   __scatter_zi.o
        18          0          0          0          0         80   exit.o
         0          0          0          0          0          0   indicate_semi.o
         2          0          0          0          0          0   libinit.o
         6          0          0          0          0          0   libinit2.o
         2          0          0          0          0          0   libshutdown.o
         2          0          0          0          0          0   libshutdown2.o
         2          0          0          0          0          0   rtexit.o
        10          0          0          0          0          0   rtexit2.o
        12          4          0          0          0         68   sys_exit.o
         2          0          0          0          0         68   use_no_semi.o
        26          0          0          0          0        116   fpinit.o

    ----------------------------------------------------------------------
       220         16          0          0          0        400   Library Totals
         4          0          0          0          0          0   (incl. Padding)

    ----------------------------------------------------------------------

      Code (inc. data)   RO Data    RW Data    ZI Data      Debug   Library Name

       190         16          0          0          0        284   c_w.l
        26          0          0          0          0        116   fz_wm.l

    ----------------------------------------------------------------------
       220         16          0          0          0        400   Library Totals

    ----------------------------------------------------------------------

==============================================================================


      Code (inc. data)   RO Data    RW Data    ZI Data      Debug   

      7664        122        616        188       3340      48031   Grand Totals
      7664        122        616        188       3340      48031   ELF Image Totals
      7664        122        616        188          0          0   ROM Totals

==============================================================================

    Total RO  Size (Code + RO Data)                 8280 (   8.09kB)
    Total RW  Size (RW Data + ZI Data)              3528 (   3.45kB)
    Total ROM Size (Code + RO Data + RW Data)       8468 (   8.27kB)

==============================================================================

